Component: ARM Compiler 6.16 Tool: armlink [5dfeaa00]

==============================================================================

Section Cross References

    startup_stm32f303xc.o(STACK) refers (Special) to heapauxi.o(.text) for __use_two_region_memory
    startup_stm32f303xc.o(HEAP) refers (Special) to heapauxi.o(.text) for __use_two_region_memory
    startup_stm32f303xc.o(RESET) refers (Special) to heapauxi.o(.text) for __use_two_region_memory
    startup_stm32f303xc.o(RESET) refers to startup_stm32f303xc.o(STACK) for __initial_sp
    startup_stm32f303xc.o(RESET) refers to startup_stm32f303xc.o(.text) for Reset_Handler
    startup_stm32f303xc.o(RESET) refers to stm32f3xx_it.o(.text.NMI_Handler) for NMI_Handler
    startup_stm32f303xc.o(RESET) refers to stm32f3xx_it.o(.text.HardFault_Handler) for HardFault_Handler
    startup_stm32f303xc.o(RESET) refers to stm32f3xx_it.o(.text.MemManage_Handler) for MemManage_Handler
    startup_stm32f303xc.o(RESET) refers to stm32f3xx_it.o(.text.BusFault_Handler) for BusFault_Handler
    startup_stm32f303xc.o(RESET) refers to stm32f3xx_it.o(.text.UsageFault_Handler) for UsageFault_Handler
    startup_stm32f303xc.o(RESET) refers to stm32f3xx_it.o(.text.SVC_Handler) for SVC_Handler
    startup_stm32f303xc.o(RESET) refers to stm32f3xx_it.o(.text.DebugMon_Handler) for DebugMon_Handler
    startup_stm32f303xc.o(RESET) refers to stm32f3xx_it.o(.text.PendSV_Handler) for PendSV_Handler
    startup_stm32f303xc.o(RESET) refers to stm32f3xx_it.o(.text.SysTick_Handler) for SysTick_Handler
    startup_stm32f303xc.o(RESET) refers to stm32f3xx_it.o(.text.DMA1_Channel1_IRQHandler) for DMA1_Channel1_IRQHandler
    startup_stm32f303xc.o(RESET) refers to stm32f3xx_it.o(.text.TIM3_IRQHandler) for TIM3_IRQHandler
    startup_stm32f303xc.o(RESET) refers to stm32f3xx_it.o(.text.USART1_IRQHandler) for USART1_IRQHandler
    startup_stm32f303xc.o(RESET) refers to stm32f3xx_it.o(.text.DMA2_Channel3_IRQHandler) for DMA2_Channel3_IRQHandler
    startup_stm32f303xc.o(.text) refers (Special) to heapauxi.o(.text) for __use_two_region_memory
    startup_stm32f303xc.o(.text) refers to system_stm32f3xx.o(.text.SystemInit) for SystemInit
    startup_stm32f303xc.o(.text) refers to __main.o(!!!main) for __main
    startup_stm32f303xc.o(.text) refers to startup_stm32f303xc.o(HEAP) for Heap_Mem
    startup_stm32f303xc.o(.text) refers to startup_stm32f303xc.o(STACK) for Stack_Mem
    main.o(.text.main) refers to stm32f3xx_hal.o(.text.HAL_Init) for HAL_Init
    main.o(.text.main) refers to main.o(.text.SystemClock_Config) for SystemClock_Config
    main.o(.text.main) refers to main.o(.text.MX_GPIO_Init) for MX_GPIO_Init
    main.o(.text.main) refers to main.o(.text.MX_OPAMP4_Init) for MX_OPAMP4_Init
    main.o(.text.main) refers to main.o(.text.MX_OPAMP1_Init) for MX_OPAMP1_Init
    main.o(.text.main) refers to main.o(.text.MX_OPAMP2_Init) for MX_OPAMP2_Init
    main.o(.text.main) refers to main.o(.text.MX_OPAMP3_Init) for MX_OPAMP3_Init
    main.o(.text.main) refers to main.o(.text.MX_USART1_UART_Init) for MX_USART1_UART_Init
    main.o(.text.main) refers to cmsis_my.o(.text.Opamp_Start) for Opamp_Start
    main.o(.text.main) refers to cmsis_my.o(.text.ADC1_2_Dual_Init) for ADC1_2_Dual_Init
    main.o(.text.main) refers to cmsis_my.o(.text.DAC1_Init) for DAC1_Init
    main.o(.text.main) refers to cmsis_my.o(.text.TIM2_Init) for TIM2_Init
    main.o(.text.main) refers to cmsis_my.o(.text.TIM8_Init) for TIM8_Init
    main.o(.text.main) refers to cmsis_my.o(.text.TIM3_Init) for TIM3_Init
    main.o(.text.main) refers to main.o(.data.ampl) for ampl
    main.o(.text.main) refers to my_functions.o(.text.Make_Ramp) for Make_Ramp
    main.o(.text.main) refers to main.o(.bss.firstByteWait) for firstByteWait
    main.o(.text.main) refers to main.o(.bss.flags) for flags
    main.o(.text.main) refers to main.o(.bss.huart1) for huart1
    main.o(.text.main) refers to main.o(.bss.UART_command) for UART_command
    main.o(.text.main) refers to stm32f3xx_hal_uart.o(.text.HAL_UART_Receive_IT) for HAL_UART_Receive_IT
    main.o(.text.main) refers to my_functions.o(.text.Enable_DAC_ADC) for Enable_DAC_ADC
    main.o(.text.main) refers to my_functions.o(.text.Collect_ADC_Complete) for Collect_ADC_Complete
    main.o(.text.main) refers to stm32f3xx_hal_cortex.o(.text.HAL_NVIC_SystemReset) for HAL_NVIC_SystemReset
    main.o(.text.main) refers to stm32f3xx_hal_uart.o(.text.HAL_UART_Transmit_IT) for HAL_UART_Transmit_IT
    main.o(.ARM.exidx.text.main) refers to main.o(.text.main) for [Anonymous Symbol]
    main.o(.text.SystemClock_Config) refers to rt_memclr_w.o(.text) for __aeabi_memclr4
    main.o(.text.SystemClock_Config) refers to stm32f3xx_hal_rcc.o(.text.HAL_RCC_OscConfig) for HAL_RCC_OscConfig
    main.o(.text.SystemClock_Config) refers to stm32f3xx_hal_rcc.o(.text.HAL_RCC_ClockConfig) for HAL_RCC_ClockConfig
[...]
    Removing stm32f3xx_hal_uart.o(.text.HAL_UART_Receive), (232 bytes).
    Removing stm32f3xx_hal_uart.o(.ARM.exidx.text.HAL_UART_Receive), (8 bytes).
    Removing stm32f3xx_hal_uart.o(.ARM.exidx.text.HAL_UART_Transmit_IT), (8 bytes).
    Removing stm32f3xx_hal_uart.o(.ARM.exidx.text.UART_TxISR_16BIT), (8 bytes).
    Removing stm32f3xx_hal_uart.o(.ARM.exidx.text.UART_TxISR_8BIT), (8 bytes).
    Removing stm32f3xx_hal_uart.o(.ARM.exidx.text.HAL_UART_Receive_IT), (8 bytes).
    Removing stm32f3xx_hal_uart.o(.ARM.exidx.text.UART_Start_Receive_IT), (8 bytes).
    Removing stm32f3xx_hal_uart.o(.text.HAL_UART_Transmit_DMA), (168 bytes).
    Removing stm32f3xx_hal_uart.o(.ARM.exidx.text.HAL_UART_Transmit_DMA), (8 bytes).
    Removing stm32f3xx_hal_uart.o(.text.UART_DMATransmitCplt), (66 bytes).
    Removing stm32f3xx_hal_uart.o(.ARM.exidx.text.UART_DMATransmitCplt), (8 bytes).
    Removing stm32f3xx_hal_uart.o(.text.UART_DMATxHalfCplt), (10 bytes).
    Removing stm32f3xx_hal_uart.o(.ARM.exidx.text.UART_DMATxHalfCplt), (8 bytes).
    Removing stm32f3xx_hal_uart.o(.text.UART_DMAError), (80 bytes).
    Removing stm32f3xx_hal_uart.o(.ARM.exidx.text.UART_DMAError), (8 bytes).
    Removing stm32f3xx_hal_uart.o(.text.HAL_UART_Receive_DMA), (90 bytes).
    Removing stm32f3xx_hal_uart.o(.ARM.exidx.text.HAL_UART_Receive_DMA), (8 bytes).
    Removing stm32f3xx_hal_uart.o(.text.UART_Start_Receive_DMA), (160 bytes).
    Removing stm32f3xx_hal_uart.o(.ARM.exidx.text.UART_Start_Receive_DMA), (8 bytes).
    Removing stm32f3xx_hal_uart.o(.text.HAL_UART_DMAPause), (150 bytes).
    Removing stm32f3xx_hal_uart.o(.ARM.exidx.text.HAL_UART_DMAPause), (8 bytes).
    Removing stm32f3xx_hal_uart.o(.text.HAL_UART_DMAResume), (126 bytes).
    Removing stm32f3xx_hal_uart.o(.ARM.exidx.text.HAL_UART_DMAResume), (8 bytes).
    Removing stm32f3xx_hal_uart.o(.text.HAL_UART_DMAStop), (152 bytes).
    Removing stm32f3xx_hal_uart.o(.ARM.exidx.text.HAL_UART_DMAStop), (8 bytes).
    Removing stm32f3xx_hal_uart.o(.text.UART_EndTxTransfer), (26 bytes).
    Removing stm32f3xx_hal_uart.o(.ARM.exidx.text.UART_EndTxTransfer), (8 bytes).
    Removing stm32f3xx_hal_uart.o(.ARM.exidx.text.UART_EndRxTransfer), (8 bytes).
    Removing stm32f3xx_hal_uart.o(.text.HAL_UART_Abort), (226 bytes).
    Removing stm32f3xx_hal_uart.o(.ARM.exidx.text.HAL_UART_Abort), (8 bytes).
    Removing stm32f3xx_hal_uart.o(.text.HAL_UART_AbortTransmit), (98 bytes).
    Removing stm32f3xx_hal_uart.o(.ARM.exidx.text.HAL_UART_AbortTransmit), (8 bytes).
    Removing stm32f3xx_hal_uart.o(.text.HAL_UART_AbortReceive), (162 bytes).
    Removing stm32f3xx_hal_uart.o(.ARM.exidx.text.HAL_UART_AbortReceive), (8 bytes).
    Removing stm32f3xx_hal_uart.o(.text.HAL_UART_Abort_IT), (268 bytes).
    Removing stm32f3xx_hal_uart.o(.ARM.exidx.text.HAL_UART_Abort_IT), (8 bytes).
    Removing stm32f3xx_hal_uart.o(.text.UART_DMATxAbortCallback), (54 bytes).
    Removing stm32f3xx_hal_uart.o(.ARM.exidx.text.UART_DMATxAbortCallback), (8 bytes).
    Removing stm32f3xx_hal_uart.o(.text.UART_DMARxAbortCallback), (62 bytes).
    Removing stm32f3xx_hal_uart.o(.ARM.exidx.text.UART_DMARxAbortCallback), (8 bytes).
    Removing stm32f3xx_hal_uart.o(.text.HAL_UART_AbortCpltCallback), (2 bytes).
    Removing stm32f3xx_hal_uart.o(.ARM.exidx.text.HAL_UART_AbortCpltCallback), (8 bytes).
    Removing stm32f3xx_hal_uart.o(.text.HAL_UART_AbortTransmit_IT), (130 bytes).
    Removing stm32f3xx_hal_uart.o(.ARM.exidx.text.HAL_UART_AbortTransmit_IT), (8 bytes).
    Removing stm32f3xx_hal_uart.o(.text.UART_DMATxOnlyAbortCallback), (20 bytes).
    Removing stm32f3xx_hal_uart.o(.ARM.exidx.text.UART_DMATxOnlyAbortCallback), (8 bytes).
    Removing stm32f3xx_hal_uart.o(.text.HAL_UART_AbortTransmitCpltCallback), (2 bytes).
    Removing stm32f3xx_hal_uart.o(.ARM.exidx.text.HAL_UART_AbortTransmitCpltCallback), (8 bytes).
    Removing stm32f3xx_hal_uart.o(.text.HAL_UART_AbortReceive_IT), (198 bytes).
    Removing stm32f3xx_hal_uart.o(.ARM.exidx.text.HAL_UART_AbortReceive_IT), (8 bytes).
    Removing stm32f3xx_hal_uart.o(.text.UART_DMARxOnlyAbortCallback), (36 bytes).
    Removing stm32f3xx_hal_uart.o(.ARM.exidx.text.UART_DMARxOnlyAbortCallback), (8 bytes).
    Removing stm32f3xx_hal_uart.o(.text.HAL_UART_AbortReceiveCpltCallback), (2 bytes).
    Removing stm32f3xx_hal_uart.o(.ARM.exidx.text.HAL_UART_AbortReceiveCpltCallback), (8 bytes).
    Removing stm32f3xx_hal_uart.o(.ARM.exidx.text.HAL_UART_IRQHandler), (8 bytes).
    Removing stm32f3xx_hal_uart.o(.ARM.exidx.text.UART_DMAAbortOnError), (8 bytes).
    Removing stm32f3xx_hal_uart.o(.ARM.exidx.text.HAL_UART_ErrorCallback), (8 bytes).
    Removing stm32f3xx_hal_uart.o(.ARM.exidx.text.HAL_UARTEx_RxEventCallback), (8 bytes).
    Removing stm32f3xx_hal_uart.o(.ARM.exidx.text.UART_EndTransmit_IT), (8 bytes).
    Removing stm32f3xx_hal_uart.o(.text.HAL_UART_TxCpltCallback), (2 bytes).
    Removing stm32f3xx_hal_uart.o(.ARM.exidx.text.HAL_UART_TxCpltCallback), (8 bytes).
    Removing stm32f3xx_hal_uart.o(.text.HAL_UART_TxHalfCpltCallback), (2 bytes).
    Removing stm32f3xx_hal_uart.o(.ARM.exidx.text.HAL_UART_TxHalfCpltCallback), (8 bytes).
    Removing stm32f3xx_hal_uart.o(.text.HAL_UART_RxCpltCallback), (2 bytes).
    Removing stm32f3xx_hal_uart.o(.ARM.exidx.text.HAL_UART_RxCpltCallback), (8 bytes).
    Removing stm32f3xx_hal_uart.o(.text.HAL_UART_RxHalfCpltCallback), (2 bytes).
    Removing stm32f3xx_hal_uart.o(.ARM.exidx.text.HAL_UART_RxHalfCpltCallback), (8 bytes).
    Removing stm32f3xx_hal_uart.o(.text.HAL_UART_ReceiverTimeout_Config), (14 bytes).
    Removing stm32f3xx_hal_uart.o(.ARM.exidx.text.HAL_UART_ReceiverTimeout_Config), (8 bytes).
    Removing stm32f3xx_hal_uart.o(.text.HAL_UART_EnableReceiverTimeout), (46 bytes).
    Removing stm32f3xx_hal_uart.o(.ARM.exidx.text.HAL_UART_EnableReceiverTimeout), (8 bytes).
    Removing stm32f3xx_hal_uart.o(.text.HAL_UART_DisableReceiverTimeout), (46 bytes).
    Removing stm32f3xx_hal_uart.o(.ARM.exidx.text.HAL_UART_DisableReceiverTimeout), (8 bytes).
    Removing stm32f3xx_hal_uart.o(.text.HAL_MultiProcessor_EnableMuteMode), (54 bytes).
    Removing stm32f3xx_hal_uart.o(.ARM.exidx.text.HAL_MultiProcessor_EnableMuteMode), (8 bytes).
    Removing stm32f3xx_hal_uart.o(.text.HAL_MultiProcessor_DisableMuteMode), (54 bytes).
    Removing stm32f3xx_hal_uart.o(.ARM.exidx.text.HAL_MultiProcessor_DisableMuteMode), (8 bytes).
    Removing stm32f3xx_hal_uart.o(.text.HAL_MultiProcessor_EnterMuteMode), (12 bytes).
    Removing stm32f3xx_hal_uart.o(.ARM.exidx.text.HAL_MultiProcessor_EnterMuteMode), (8 bytes).
    Removing stm32f3xx_hal_uart.o(.text.HAL_HalfDuplex_EnableTransmitter), (78 bytes).
    Removing stm32f3xx_hal_uart.o(.ARM.exidx.text.HAL_HalfDuplex_EnableTransmitter), (8 bytes).
    Removing stm32f3xx_hal_uart.o(.text.HAL_HalfDuplex_EnableReceiver), (78 bytes).
    Removing stm32f3xx_hal_uart.o(.ARM.exidx.text.HAL_HalfDuplex_EnableReceiver), (8 bytes).
    Removing stm32f3xx_hal_uart.o(.text.HAL_LIN_SendBreak), (40 bytes).
    Removing stm32f3xx_hal_uart.o(.ARM.exidx.text.HAL_LIN_SendBreak), (8 bytes).
    Removing stm32f3xx_hal_uart.o(.text.HAL_UART_GetState), (8 bytes).
    Removing stm32f3xx_hal_uart.o(.ARM.exidx.text.HAL_UART_GetState), (8 bytes).
    Removing stm32f3xx_hal_uart.o(.text.HAL_UART_GetError), (6 bytes).
    Removing stm32f3xx_hal_uart.o(.ARM.exidx.text.HAL_UART_GetError), (8 bytes).
    Removing stm32f3xx_hal_uart.o(.ARM.exidx.text.UART_RxISR_16BIT), (8 bytes).
    Removing stm32f3xx_hal_uart.o(.ARM.exidx.text.UART_RxISR_8BIT), (8 bytes).
    Removing stm32f3xx_hal_uart.o(.text.UART_DMAReceiveCplt), (130 bytes).
    Removing stm32f3xx_hal_uart.o(.ARM.exidx.text.UART_DMAReceiveCplt), (8 bytes).
    Removing stm32f3xx_hal_uart.o(.text.UART_DMARxHalfCplt), (28 bytes).
    Removing stm32f3xx_hal_uart.o(.ARM.exidx.text.UART_DMARxHalfCplt), (8 bytes).
    Removing stm32f3xx_hal_uart_ex.o(.text), (0 bytes).
    Removing stm32f3xx_hal_uart_ex.o(.text.HAL_RS485Ex_Init), (124 bytes).
    Removing stm32f3xx_hal_uart_ex.o(.ARM.exidx.text.HAL_RS485Ex_Init), (8 bytes).
    Removing stm32f3xx_hal_uart_ex.o(.ARM.exidx.text.HAL_UARTEx_WakeupCallback), (8 bytes).
    Removing stm32f3xx_hal_uart_ex.o(.text.HAL_MultiProcessorEx_AddressLength_Set), (48 bytes).
    Removing stm32f3xx_hal_uart_ex.o(.ARM.exidx.text.HAL_MultiProcessorEx_AddressLength_Set), (8 bytes).
    Removing stm32f3xx_hal_uart_ex.o(.text.HAL_UARTEx_StopModeWakeUpSourceConfig), (116 bytes).
    Removing stm32f3xx_hal_uart_ex.o(.ARM.exidx.text.HAL_UARTEx_StopModeWakeUpSourceConfig), (8 bytes).
    Removing stm32f3xx_hal_uart_ex.o(.text.UARTEx_Wakeup_AddressConfig), (28 bytes).
    Removing stm32f3xx_hal_uart_ex.o(.ARM.exidx.text.UARTEx_Wakeup_AddressConfig), (8 bytes).
    Removing stm32f3xx_hal_uart_ex.o(.text.HAL_UARTEx_EnableStopMode), (50 bytes).
    Removing stm32f3xx_hal_uart_ex.o(.ARM.exidx.text.HAL_UARTEx_EnableStopMode), (8 bytes).
    Removing stm32f3xx_hal_uart_ex.o(.text.HAL_UARTEx_DisableStopMode), (50 bytes).
    Removing stm32f3xx_hal_uart_ex.o(.ARM.exidx.text.HAL_UARTEx_DisableStopMode), (8 bytes).
    Removing stm32f3xx_hal_uart_ex.o(.text.HAL_UARTEx_ReceiveToIdle), (314 bytes).
    Removing stm32f3xx_hal_uart_ex.o(.ARM.exidx.text.HAL_UARTEx_ReceiveToIdle), (8 bytes).
    Removing stm32f3xx_hal_uart_ex.o(.text.HAL_UARTEx_ReceiveToIdle_IT), (94 bytes).
    Removing stm32f3xx_hal_uart_ex.o(.ARM.exidx.text.HAL_UARTEx_ReceiveToIdle_IT), (8 bytes).
    Removing stm32f3xx_hal_uart_ex.o(.text.HAL_UARTEx_ReceiveToIdle_DMA), (94 bytes).
    Removing stm32f3xx_hal_uart_ex.o(.ARM.exidx.text.HAL_UARTEx_ReceiveToIdle_DMA), (8 bytes).
    Removing system_stm32f3xx.o(.text), (0 bytes).
    Removing system_stm32f3xx.o(.ARM.exidx.text.SystemInit), (8 bytes).
    Removing system_stm32f3xx.o(.text.SystemCoreClockUpdate), (104 bytes).
    Removing system_stm32f3xx.o(.ARM.exidx.text.SystemCoreClockUpdate), (8 bytes).

677 unused section(s) (total 29301 bytes) removed from the image.

==============================================================================

Image Symbol Table

    Local Symbols

    Symbol Name                              Value     Ov Type        Size  Object(Section)

    ../clib/angel/boardlib.s                 0x00000000   Number         0  boardinit1.o ABSOLUTE
    ../clib/angel/boardlib.s                 0x00000000   Number         0  boardinit2.o ABSOLUTE
    ../clib/angel/boardlib.s                 0x00000000   Number         0  boardinit3.o ABSOLUTE
    ../clib/angel/boardlib.s                 0x00000000   Number         0  boardshut.o ABSOLUTE
    ../clib/angel/handlers.s                 0x00000000   Number         0  __scatter_copy.o ABSOLUTE
    ../clib/angel/handlers.s                 0x00000000   Number         0  __scatter_zi.o ABSOLUTE
    ../clib/angel/kernel.s                   0x00000000   Number         0  __rtentry.o ABSOLUTE
    ../clib/angel/kernel.s                   0x00000000   Number         0  __rtentry2.o ABSOLUTE
    ../clib/angel/kernel.s                   0x00000000   Number         0  __rtentry4.o ABSOLUTE
    ../clib/angel/kernel.s                   0x00000000   Number         0  rtexit.o ABSOLUTE
    ../clib/angel/kernel.s                   0x00000000   Number         0  rtexit2.o ABSOLUTE
    ../clib/angel/rt.s                       0x00000000   Number         0  rt_raise.o ABSOLUTE
    ../clib/angel/scatter.s                  0x00000000   Number         0  __scatter.o ABSOLUTE
    ../clib/angel/startup.s                  0x00000000   Number         0  __main.o ABSOLUTE
    ../clib/angel/sys.s                      0x00000000   Number         0  sys_stackheap_outer.o ABSOLUTE
    ../clib/angel/sys.s                      0x00000000   Number         0  libspace.o ABSOLUTE
    ../clib/angel/sys.s                      0x00000000   Number         0  use_no_semi.o ABSOLUTE
    ../clib/angel/sys.s                      0x00000000   Number         0  indicate_semi.o ABSOLUTE
    ../clib/angel/sysapp.c                   0x00000000   Number         0  sys_exit.o ABSOLUTE
    ../clib/angel/sysapp.c                   0x00000000   Number         0  sys_exit_hlt.o ABSOLUTE
    ../clib/angel/sysapp.c                   0x00000000   Number         0  sys_command.o ABSOLUTE
    ../clib/angel/sysapp.c                   0x00000000   Number         0  sys_command_hlt.o ABSOLUTE
    ../clib/angel/sysapp.c                   0x00000000   Number         0  sys_wrch.o ABSOLUTE
    ../clib/angel/sysapp.c                   0x00000000   Number         0  sys_wrch_hlt.o ABSOLUTE
    ../clib/armsys.c                         0x00000000   Number         0  argv_veneer.o ABSOLUTE
    ../clib/armsys.c                         0x00000000   Number         0  argv_veneer.o ABSOLUTE
    ../clib/armsys.c                         0x00000000   Number         0  _get_argv_nomalloc.o ABSOLUTE
    ../clib/armsys.c                         0x00000000   Number         0  no_argv.o ABSOLUTE
    ../clib/heapalloc.c                      0x00000000   Number         0  hrguard.o ABSOLUTE
    ../clib/heapaux.c                        0x00000000   Number         0  heapauxi.o ABSOLUTE
    ../clib/libinit.s                        0x00000000   Number         0  libinit.o ABSOLUTE
    ../clib/libinit.s                        0x00000000   Number         0  libinit2.o ABSOLUTE
    ../clib/libinit.s                        0x00000000   Number         0  libshutdown.o ABSOLUTE
    ../clib/libinit.s                        0x00000000   Number         0  libshutdown2.o ABSOLUTE
    ../clib/memcpset.s                       0x00000000   Number         0  rt_memclr_w.o ABSOLUTE
    ../clib/signal.c                         0x00000000   Number         0  defsig_rtmem_outer.o ABSOLUTE
    ../clib/signal.c                         0x00000000   Number         0  defsig_rtmem_formal.o ABSOLUTE
    ../clib/signal.c                         0x00000000   Number         0  defsig_exit.o ABSOLUTE
    ../clib/signal.c                         0x00000000   Number         0  defsig_rtmem_inner.o ABSOLUTE
    ../clib/signal.c                         0x00000000   Number         0  __raise.o ABSOLUTE
    ../clib/signal.c                         0x00000000   Number         0  defsig_general.o ABSOLUTE
    ../clib/signal.c                         0x00000000   Number         0  defsig_abrt_inner.o ABSOLUTE
    ../clib/signal.c                         0x00000000   Number         0  defsig_fpe_inner.o ABSOLUTE
    ../clib/signal.c                         0x00000000   Number         0  defsig_rtred_inner.o ABSOLUTE
    ../clib/signal.c                         0x00000000   Number         0  defsig_stak_inner.o ABSOLUTE
    ../clib/signal.c                         0x00000000   Number         0  defsig_pvfn_inner.o ABSOLUTE
    ../clib/signal.c                         0x00000000   Number         0  defsig_cppl_inner.o ABSOLUTE
    ../clib/signal.c                         0x00000000   Number         0  defsig_segv_inner.o ABSOLUTE
    ../clib/signal.c                         0x00000000   Number         0  defsig_other.o ABSOLUTE
    ../clib/signal.s                         0x00000000   Number         0  defsig.o ABSOLUTE
    ../clib/stdlib.c                         0x00000000   Number         0  exit.o ABSOLUTE
    ../fplib/fpinit.s                        0x00000000   Number         0  fpinit.o ABSOLUTE
    CMSIS_my.c                               0x00000000   Number         0  cmsis_my.o ABSOLUTE
    dc.s                                     0x00000000   Number         0  dc.o ABSOLUTE
    main.c                                   0x00000000   Number         0  main.o ABSOLUTE
    my_functions.c                           0x00000000   Number         0  my_functions.o ABSOLUTE
    startup_stm32f303xc.s                    0x00000000   Number         0  startup_stm32f303xc.o ABSOLUTE
    stm32f3xx_hal.c                          0x00000000   Number         0  stm32f3xx_hal.o ABSOLUTE
    stm32f3xx_hal_cortex.c                   0x00000000   Number         0  stm32f3xx_hal_cortex.o ABSOLUTE
    stm32f3xx_hal_dma.c                      0x00000000   Number         0  stm32f3xx_hal_dma.o ABSOLUTE
    stm32f3xx_hal_exti.c                     0x00000000   Number         0  stm32f3xx_hal_exti.o ABSOLUTE
    stm32f3xx_hal_flash.c                    0x00000000   Number         0  stm32f3xx_hal_flash.o ABSOLUTE
    stm32f3xx_hal_flash_ex.c                 0x00000000   Number         0  stm32f3xx_hal_flash_ex.o ABSOLUTE
    stm32f3xx_hal_gpio.c                     0x00000000   Number         0  stm32f3xx_hal_gpio.o ABSOLUTE
    stm32f3xx_hal_i2c.c                      0x00000000   Number         0  stm32f3xx_hal_i2c.o ABSOLUTE
    stm32f3xx_hal_i2c_ex.c                   0x00000000   Number         0  stm32f3xx_hal_i2c_ex.o ABSOLUTE
    stm32f3xx_hal_msp.c                      0x00000000   Number         0  stm32f3xx_hal_msp.o ABSOLUTE
    stm32f3xx_hal_opamp.c                    0x00000000   Number         0  stm32f3xx_hal_opamp.o ABSOLUTE
    stm32f3xx_hal_opamp_ex.c                 0x00000000   Number         0  stm32f3xx_hal_opamp_ex.o ABSOLUTE
    stm32f3xx_hal_pwr.c                      0x00000000   Number         0  stm32f3xx_hal_pwr.o ABSOLUTE
    stm32f3xx_hal_pwr_ex.c                   0x00000000   Number         0  stm32f3xx_hal_pwr_ex.o ABSOLUTE
    stm32f3xx_hal_rcc.c                      0x00000000   Number         0  stm32f3xx_hal_rcc.o ABSOLUTE
    stm32f3xx_hal_rcc_ex.c                   0x00000000   Number         0  stm32f3xx_hal_rcc_ex.o ABSOLUTE
    stm32f3xx_hal_tim.c                      0x00000000   Number         0  stm32f3xx_hal_tim.o ABSOLUTE
    stm32f3xx_hal_tim_ex.c                   0x00000000   Number         0  stm32f3xx_hal_tim_ex.o ABSOLUTE
    stm32f3xx_hal_uart.c                     0x00000000   Number         0  stm32f3xx_hal_uart.o ABSOLUTE
    stm32f3xx_hal_uart_ex.c                  0x00000000   Number         0  stm32f3xx_hal_uart_ex.o ABSOLUTE
    stm32f3xx_it.c                           0x00000000   Number         0  stm32f3xx_it.o ABSOLUTE
    system_stm32f3xx.c                       0x00000000   Number         0  system_stm32f3xx.o ABSOLUTE
    RESET                                    0x08000000   Section      392  startup_stm32f303xc.o(RESET)
    !!!main                                  0x08000188   Section        8  __main.o(!!!main)
    !!!scatter                               0x08000190   Section       52  __scatter.o(!!!scatter)
    !!handler_copy                           0x080001c4   Section       26  __scatter_copy.o(!!handler_copy)
    !!handler_zi                             0x080001e0   Section       28  __scatter_zi.o(!!handler_zi)
    .ARM.Collect$$libinit$$00000000          0x080001fc   Section        2  libinit.o(.ARM.Collect$$libinit$$00000000)
    .ARM.Collect$$libinit$$00000001          0x080001fe   Section        4  libinit2.o(.ARM.Collect$$libinit$$00000001)
    .ARM.Collect$$libinit$$00000004          0x08000202   Section        0  libinit2.o(.ARM.Collect$$libinit$$00000004)
    .ARM.Collect$$libinit$$0000000A          0x08000202   Section        0  libinit2.o(.ARM.Collect$$libinit$$0000000A)
    .ARM.Collect$$libinit$$0000000C          0x08000202   Section        0  libinit2.o(.ARM.Collect$$libinit$$0000000C)
    .ARM.Collect$$libinit$$0000000E          0x08000202   Section        0  libinit2.o(.ARM.Collect$$libinit$$0000000E)
    .ARM.Collect$$libinit$$00000011          0x08000202   Section        0  libinit2.o(.ARM.Collect$$libinit$$00000011)
    .ARM.Collect$$libinit$$00000013          0x08000202   Section        0  libinit2.o(.ARM.Collect$$libinit$$00000013)
    .ARM.Collect$$libinit$$00000015          0x08000202   Section        0  libinit2.o(.ARM.Collect$$libinit$$00000015)
    .ARM.Collect$$libinit$$00000017          0x08000202   Section        0  libinit2.o(.ARM.Collect$$libinit$$00000017)
    .ARM.Collect$$libinit$$00000019          0x08000202   Section        0  libinit2.o(.ARM.Collect$$libinit$$00000019)
    .ARM.Collect$$libinit$$0000001B          0x08000202   Section        0  libinit2.o(.ARM.Collect$$libinit$$0000001B)
    .ARM.Collect$$libinit$$0000001D          0x08000202   Section        0  libinit2.o(.ARM.Collect$$libinit$$0000001D)
    .ARM.Collect$$libinit$$0000001F          0x08000202   Section        0  libinit2.o(.ARM.Collect$$libinit$$0000001F)
    .ARM.Collect$$libinit$$00000021          0x08000202   Section        0  libinit2.o(.ARM.Collect$$libinit$$00000021)
    .ARM.Collect$$libinit$$00000023          0x08000202   Section        0  libinit2.o(.ARM.Collect$$libinit$$00000023)
    .ARM.Collect$$libinit$$00000025          0x08000202   Section        0  libinit2.o(.ARM.Collect$$libinit$$00000025)
    .ARM.Collect$$libinit$$0000002C          0x08000202   Section        0  libinit2.o(.ARM.Collect$$libinit$$0000002C)
    .ARM.Collect$$libinit$$0000002E          0x08000202   Section        0  libinit2.o(.ARM.Collect$$libinit$$0000002E)
    .ARM.Collect$$libinit$$00000030          0x08000202   Section        0  libinit2.o(.ARM.Collect$$libinit$$00000030)
    .ARM.Collect$$libinit$$00000032          0x08000202   Section        0  libinit2.o(.ARM.Collect$$libinit$$00000032)
    .ARM.Collect$$libinit$$00000033          0x08000202   Section        2  libinit2.o(.ARM.Collect$$libinit$$00000033)
    .ARM.Collect$$libshutdown$$00000000      0x08000204   Section        2  libshutdown.o(.ARM.Collect$$libshutdown$$00000000)
    .ARM.Collect$$libshutdown$$00000002      0x08000206   Section        0  libshutdown2.o(.ARM.Collect$$libshutdown$$00000002)
    .ARM.Collect$$libshutdown$$00000004      0x08000206   Section        0  libshutdown2.o(.ARM.Collect$$libshutdown$$00000004)
    .ARM.Collect$$libshutdown$$00000007      0x08000206   Section        0  libshutdown2.o(.ARM.Collect$$libshutdown$$00000007)
    .ARM.Collect$$libshutdown$$0000000A      0x08000206   Section        0  libshutdown2.o(.ARM.Collect$$libshutdown$$0000000A)
    .ARM.Collect$$libshutdown$$0000000C      0x08000206   Section        0  libshutdown2.o(.ARM.Collect$$libshutdown$$0000000C)
    .ARM.Collect$$libshutdown$$0000000F      0x08000206   Section        0  libshutdown2.o(.ARM.Collect$$libshutdown$$0000000F)
    .ARM.Collect$$libshutdown$$00000010      0x08000206   Section        2  libshutdown2.o(.ARM.Collect$$libshutdown$$00000010)
    .ARM.Collect$$rtentry$$00000000          0x08000208   Section        0  __rtentry.o(.ARM.Collect$$rtentry$$00000000)
    .ARM.Collect$$rtentry$$00000002          0x08000208   Section        0  __rtentry2.o(.ARM.Collect$$rtentry$$00000002)
    .ARM.Collect$$rtentry$$00000004          0x08000208   Section        6  __rtentry4.o(.ARM.Collect$$rtentry$$00000004)
    .ARM.Collect$$rtentry$$00000009          0x0800020e   Section        0  __rtentry2.o(.ARM.Collect$$rtentry$$00000009)
    .ARM.Collect$$rtentry$$0000000A          0x0800020e   Section        4  __rtentry2.o(.ARM.Collect$$rtentry$$0000000A)
    .ARM.Collect$$rtentry$$0000000C          0x08000212   Section        0  __rtentry2.o(.ARM.Collect$$rtentry$$0000000C)
    .ARM.Collect$$rtentry$$0000000D          0x08000212   Section        8  __rtentry2.o(.ARM.Collect$$rtentry$$0000000D)
    .ARM.Collect$$rtexit$$00000000           0x0800021a   Section        2  rtexit.o(.ARM.Collect$$rtexit$$00000000)
    .ARM.Collect$$rtexit$$00000002           0x0800021c   Section        0  rtexit2.o(.ARM.Collect$$rtexit$$00000002)
    .ARM.Collect$$rtexit$$00000003           0x0800021c   Section        4  rtexit2.o(.ARM.Collect$$rtexit$$00000003)
    .ARM.Collect$$rtexit$$00000004           0x08000220   Section        6  rtexit2.o(.ARM.Collect$$rtexit$$00000004)
    $v0                                      0x08000228   Number         0  startup_stm32f303xc.o(.text)
    .text                                    0x08000228   Section       64  startup_stm32f303xc.o(.text)
    .text                                    0x08000268   Section       78  rt_memclr_w.o(.text)
    .text                                    0x080002b6   Section        0  heapauxi.o(.text)
    .text                                    0x080002bc   Section       74  sys_stackheap_outer.o(.text)
    .text                                    0x08000306   Section        0  exit.o(.text)
    .text                                    0x08000318   Section        8  libspace.o(.text)
    .text                                    0x08000320   Section        0  sys_exit.o(.text)
    .text                                    0x0800032c   Section        2  use_no_semi.o(.text)
    .text                                    0x0800032e   Section        0  indicate_semi.o(.text)
    [Anonymous Symbol]                       0x08000330   Section        0  cmsis_my.o(.text.ADC1_2_Dual_Init)
    [Anonymous Symbol]                       0x080004ec   Section        0  stm32f3xx_it.o(.text.BusFault_Handler)
    [Anonymous Symbol]                       0x080004f0   Section        0  my_functions.o(.text.Collect_ADC_Complete)
    [Anonymous Symbol]                       0x08000560   Section        0  cmsis_my.o(.text.DAC1_Init)
    [Anonymous Symbol]                       0x08000630   Section        0  stm32f3xx_it.o(.text.DMA1_Channel1_IRQHandler)
    [Anonymous Symbol]                       0x08000734   Section        0  stm32f3xx_it.o(.text.DMA2_Channel3_IRQHandler)
    [Anonymous Symbol]                       0x08000770   Section        0  stm32f3xx_it.o(.text.DebugMon_Handler)
    [Anonymous Symbol]                       0x08000774   Section        0  my_functions.o(.text.Enable_DAC_ADC)
    [Anonymous Symbol]                       0x080007ac   Section        0  main.o(.text.Error_Handler)
    [Anonymous Symbol]                       0x080007b4   Section        0  stm32f3xx_hal_dma.o(.text.HAL_DMA_Abort)
    [Anonymous Symbol]                       0x080007f4   Section        0  stm32f3xx_hal_dma.o(.text.HAL_DMA_Abort_IT)
    [Anonymous Symbol]                       0x08000844   Section        0  stm32f3xx_hal_gpio.o(.text.HAL_GPIO_Init)
    [Anonymous Symbol]                       0x080009e0   Section        0  stm32f3xx_hal_gpio.o(.text.HAL_GPIO_TogglePin)
    [Anonymous Symbol]                       0x080009f0   Section        0  stm32f3xx_hal_gpio.o(.text.HAL_GPIO_WritePin)
    [Anonymous Symbol]                       0x080009fc   Section        0  stm32f3xx_hal.o(.text.HAL_GetTick)
    [Anonymous Symbol]                       0x08000a08   Section        0  stm32f3xx_hal.o(.text.HAL_IncTick)
    [Anonymous Symbol]                       0x08000a24   Section        0  stm32f3xx_hal.o(.text.HAL_Init)
    [Anonymous Symbol]                       0x08000a4c   Section        0  stm32f3xx_hal.o(.text.HAL_InitTick)
    [Anonymous Symbol]                       0x08000a9c   Section        0  stm32f3xx_hal_msp.o(.text.HAL_MspInit)
    [Anonymous Symbol]                       0x08000ad0   Section        0  stm32f3xx_hal_cortex.o(.text.HAL_NVIC_EnableIRQ)
    [Anonymous Symbol]                       0x08000ad8   Section        0  stm32f3xx_hal_cortex.o(.text.HAL_NVIC_SetPriority)
    [Anonymous Symbol]                       0x08000af8   Section        0  stm32f3xx_hal_cortex.o(.text.HAL_NVIC_SetPriorityGrouping)
    [Anonymous Symbol]                       0x08000b00   Section        0  stm32f3xx_hal_cortex.o(.text.HAL_NVIC_SystemReset)
    [Anonymous Symbol]                       0x08000b04   Section        0  stm32f3xx_hal_opamp.o(.text.HAL_OPAMP_Init)
    [Anonymous Symbol]                       0x08000bd8   Section        0  stm32f3xx_hal_msp.o(.text.HAL_OPAMP_MspInit)
    [Anonymous Symbol]                       0x08000ca0   Section        0  stm32f3xx_hal_rcc_ex.o(.text.HAL_RCCEx_PeriphCLKConfig)
    [Anonymous Symbol]                       0x08000eac   Section        0  stm32f3xx_hal_rcc.o(.text.HAL_RCC_ClockConfig)
    [Anonymous Symbol]                       0x08000ffc   Section        0  stm32f3xx_hal_rcc.o(.text.HAL_RCC_GetHCLKFreq)
    [Anonymous Symbol]                       0x08001008   Section        0  stm32f3xx_hal_rcc.o(.text.HAL_RCC_GetPCLK1Freq)
    [Anonymous Symbol]                       0x0800102c   Section        0  stm32f3xx_hal_rcc.o(.text.HAL_RCC_GetPCLK2Freq)
    [Anonymous Symbol]                       0x08001050   Section        0  stm32f3xx_hal_rcc.o(.text.HAL_RCC_GetSysClockFreq)
    [Anonymous Symbol]                       0x080010a8   Section        0  stm32f3xx_hal_rcc.o(.text.HAL_RCC_OscConfig)
    [Anonymous Symbol]                       0x080013bc   Section        0  stm32f3xx_hal_cortex.o(.text.HAL_SYSTICK_Config)
    [Anonymous Symbol]                       0x080013c4   Section        0  stm32f3xx_hal_uart.o(.text.HAL_UARTEx_RxEventCallback)
    [Anonymous Symbol]                       0x080013c8   Section        0  stm32f3xx_hal_uart_ex.o(.text.HAL_UARTEx_WakeupCallback)
    [Anonymous Symbol]                       0x080013cc   Section        0  stm32f3xx_hal_uart.o(.text.HAL_UART_ErrorCallback)
    [Anonymous Symbol]                       0x080013d0   Section        0  stm32f3xx_hal_uart.o(.text.HAL_UART_IRQHandler)
    [Anonymous Symbol]                       0x08001670   Section        0  stm32f3xx_hal_uart.o(.text.HAL_UART_Init)
    [Anonymous Symbol]                       0x080016d0   Section        0  stm32f3xx_hal_msp.o(.text.HAL_UART_MspInit)
    [Anonymous Symbol]                       0x08001750   Section        0  stm32f3xx_hal_uart.o(.text.HAL_UART_Receive_IT)
    [Anonymous Symbol]                       0x080017ac   Section        0  stm32f3xx_it.o(.text.HAL_UART_RxCpltCallback)
    [Anonymous Symbol]                       0x080017f4   Section        0  stm32f3xx_hal_uart.o(.text.HAL_UART_Transmit_IT)
    [Anonymous Symbol]                       0x08001874   Section        0  stm32f3xx_it.o(.text.HAL_UART_TxCpltCallback)
    [Anonymous Symbol]                       0x080018ac   Section        0  stm32f3xx_it.o(.text.HardFault_Handler)
    MX_GPIO_Init                             0x080018b1   Thumb Code   204  main.o(.text.MX_GPIO_Init)
    [Anonymous Symbol]                       0x080018b0   Section        0  main.o(.text.MX_GPIO_Init)
    MX_OPAMP1_Init                           0x0800197d   Thumb Code    46  main.o(.text.MX_OPAMP1_Init)
    [Anonymous Symbol]                       0x0800197c   Section        0  main.o(.text.MX_OPAMP1_Init)
    MX_OPAMP2_Init                           0x080019ad   Thumb Code    46  main.o(.text.MX_OPAMP2_Init)
    [Anonymous Symbol]                       0x080019ac   Section        0  main.o(.text.MX_OPAMP2_Init)
    MX_OPAMP3_Init                           0x080019dd   Thumb Code    46  main.o(.text.MX_OPAMP3_Init)
    [Anonymous Symbol]                       0x080019dc   Section        0  main.o(.text.MX_OPAMP3_Init)
    MX_OPAMP4_Init                           0x08001a0d   Thumb Code    46  main.o(.text.MX_OPAMP4_Init)
    [Anonymous Symbol]                       0x08001a0c   Section        0  main.o(.text.MX_OPAMP4_Init)
    MX_USART1_UART_Init                      0x08001a3d   Thumb Code    68  main.o(.text.MX_USART1_UART_Init)
    [Anonymous Symbol]                       0x08001a3c   Section        0  main.o(.text.MX_USART1_UART_Init)
    [Anonymous Symbol]                       0x08001a80   Section        0  my_functions.o(.text.Make_Ramp)
    [Anonymous Symbol]                       0x08001ad8   Section        0  stm32f3xx_it.o(.text.MemManage_Handler)
    [Anonymous Symbol]                       0x08001adc   Section        0  stm32f3xx_it.o(.text.NMI_Handler)
    NVIC_EncodePriority                      0x08001ae1   Thumb Code    44  stm32f3xx_hal_cortex.o(.text.NVIC_EncodePriority)
    [Anonymous Symbol]                       0x08001ae0   Section        0  stm32f3xx_hal_cortex.o(.text.NVIC_EncodePriority)
    [Anonymous Symbol]                       0x08001b0c   Section        0  cmsis_my.o(.text.Opamp_Start)
    [Anonymous Symbol]                       0x08001b18   Section        0  stm32f3xx_it.o(.text.PendSV_Handler)
    [Anonymous Symbol]                       0x08001b1c   Section        0  stm32f3xx_it.o(.text.SVC_Handler)
    SysTick_Config                           0x08001b21   Thumb Code    46  stm32f3xx_hal_cortex.o(.text.SysTick_Config)
    [Anonymous Symbol]                       0x08001b20   Section        0  stm32f3xx_hal_cortex.o(.text.SysTick_Config)
    [Anonymous Symbol]                       0x08001b50   Section        0  stm32f3xx_it.o(.text.SysTick_Handler)
    [Anonymous Symbol]                       0x08001b58   Section        0  main.o(.text.SystemClock_Config)
    [Anonymous Symbol]                       0x08001bd0   Section        0  system_stm32f3xx.o(.text.SystemInit)
    [Anonymous Symbol]                       0x08001be4   Section        0  cmsis_my.o(.text.TIM2_Init)
    [Anonymous Symbol]                       0x08001c38   Section        0  stm32f3xx_it.o(.text.TIM3_IRQHandler)
    [Anonymous Symbol]                       0x08001c88   Section        0  cmsis_my.o(.text.TIM3_Init)
    [Anonymous Symbol]                       0x08001cf8   Section        0  cmsis_my.o(.text.TIM8_Init)
    [Anonymous Symbol]                       0x08001d48   Section        0  stm32f3xx_hal_uart.o(.text.UART_AdvFeatureConfig)
    [Anonymous Symbol]                       0x08001e30   Section        0  stm32f3xx_hal_uart.o(.text.UART_CheckIdleState)
    UART_DMAAbortOnError                     0x08001e9d   Thumb Code    20  stm32f3xx_hal_uart.o(.text.UART_DMAAbortOnError)
    [Anonymous Symbol]                       0x08001e9c   Section        0  stm32f3xx_hal_uart.o(.text.UART_DMAAbortOnError)
    UART_EndRxTransfer                       0x08001eb1   Thumb Code    80  stm32f3xx_hal_uart.o(.text.UART_EndRxTransfer)
    [Anonymous Symbol]                       0x08001eb0   Section        0  stm32f3xx_hal_uart.o(.text.UART_EndRxTransfer)
    UART_EndTransmit_IT                      0x08001f01   Thumb Code    38  stm32f3xx_hal_uart.o(.text.UART_EndTransmit_IT)
    [Anonymous Symbol]                       0x08001f00   Section        0  stm32f3xx_hal_uart.o(.text.UART_EndTransmit_IT)
    UART_RxISR_16BIT                         0x08001f29   Thumb Code   162  stm32f3xx_hal_uart.o(.text.UART_RxISR_16BIT)
    [Anonymous Symbol]                       0x08001f28   Section        0  stm32f3xx_hal_uart.o(.text.UART_RxISR_16BIT)
    UART_RxISR_8BIT                          0x08001fcd   Thumb Code   162  stm32f3xx_hal_uart.o(.text.UART_RxISR_8BIT)
    [Anonymous Symbol]                       0x08001fcc   Section        0  stm32f3xx_hal_uart.o(.text.UART_RxISR_8BIT)
    [Anonymous Symbol]                       0x08002070   Section        0  stm32f3xx_hal_uart.o(.text.UART_SetConfig)
    [Anonymous Symbol]                       0x08002248   Section        0  stm32f3xx_hal_uart.o(.text.UART_Start_Receive_IT)
    UART_TxISR_16BIT                         0x080022dd   Thumb Code    86  stm32f3xx_hal_uart.o(.text.UART_TxISR_16BIT)
    [Anonymous Symbol]                       0x080022dc   Section        0  stm32f3xx_hal_uart.o(.text.UART_TxISR_16BIT)
    UART_TxISR_8BIT                          0x08002335   Thumb Code    82  stm32f3xx_hal_uart.o(.text.UART_TxISR_8BIT)
    [Anonymous Symbol]                       0x08002334   Section        0  stm32f3xx_hal_uart.o(.text.UART_TxISR_8BIT)
    [Anonymous Symbol]                       0x08002388   Section        0  stm32f3xx_hal_uart.o(.text.UART_WaitOnFlagUntilTimeout)
    [Anonymous Symbol]                       0x0800246c   Section        0  stm32f3xx_it.o(.text.USART1_IRQHandler)
    [Anonymous Symbol]                       0x080024b8   Section        0  stm32f3xx_it.o(.text.UsageFault_Handler)
    __NVIC_EnableIRQ                         0x080024bd   Thumb Code    32  cmsis_my.o(.text.__NVIC_EnableIRQ)
    [Anonymous Symbol]                       0x080024bc   Section        0  cmsis_my.o(.text.__NVIC_EnableIRQ)
    __NVIC_EnableIRQ                         0x080024dd   Thumb Code    32  stm32f3xx_hal_cortex.o(.text.__NVIC_EnableIRQ)
    [Anonymous Symbol]                       0x080024dc   Section        0  stm32f3xx_hal_cortex.o(.text.__NVIC_EnableIRQ)
    __NVIC_GetPriorityGrouping               0x080024fd   Thumb Code    16  stm32f3xx_hal_cortex.o(.text.__NVIC_GetPriorityGrouping)
    [Anonymous Symbol]                       0x080024fc   Section        0  stm32f3xx_hal_cortex.o(.text.__NVIC_GetPriorityGrouping)
    __NVIC_SetPriority                       0x0800250d   Thumb Code    14  main.o(.text.__NVIC_SetPriority)
    [Anonymous Symbol]                       0x0800250c   Section        0  main.o(.text.__NVIC_SetPriority)
    __NVIC_SetPriority                       0x0800251d   Thumb Code    16  cmsis_my.o(.text.__NVIC_SetPriority)
    [Anonymous Symbol]                       0x0800251c   Section        0  cmsis_my.o(.text.__NVIC_SetPriority)
    __NVIC_SetPriority                       0x0800252d   Thumb Code    34  stm32f3xx_hal_cortex.o(.text.__NVIC_SetPriority)
    [Anonymous Symbol]                       0x0800252c   Section        0  stm32f3xx_hal_cortex.o(.text.__NVIC_SetPriority)
    __NVIC_SetPriorityGrouping               0x08002551   Thumb Code    32  stm32f3xx_hal_cortex.o(.text.__NVIC_SetPriorityGrouping)
    [Anonymous Symbol]                       0x08002550   Section        0  stm32f3xx_hal_cortex.o(.text.__NVIC_SetPriorityGrouping)
    __NVIC_SystemReset                       0x08002571   Thumb Code    36  stm32f3xx_hal_cortex.o(.text.__NVIC_SystemReset)
    [Anonymous Symbol]                       0x08002570   Section        0  stm32f3xx_hal_cortex.o(.text.__NVIC_SystemReset)
    [Anonymous Symbol]                       0x08002594   Section        0  main.o(.text.main)
    $v0                                      0x080026c4   Number         0  fpinit.o(x$fpl$fpinit)
    x$fpl$fpinit                             0x080026c4   Section       26  fpinit.o(x$fpl$fpinit)
    .bss                                     0x20000010   Section       96  libspace.o(.bss)
    count_rx                                 0x20000378   Data           1  stm32f3xx_it.o(.bss.count_rx)
    [Anonymous Symbol]                       0x20000378   Section        0  stm32f3xx_it.o(.bss.count_rx)
    temp_size                                0x200024dc   Data           4  stm32f3xx_it.o(.bss.temp_size)
    [Anonymous Symbol]                       0x200024dc   Section        0  stm32f3xx_it.o(.bss.temp_size)
    Heap_Mem                                 0x200024e8   Data         512  startup_stm32f303xc.o(HEAP)
    HEAP                                     0x200024e8   Section      512  startup_stm32f303xc.o(HEAP)
    Stack_Mem                                0x200026e8   Data        1024  startup_stm32f303xc.o(STACK)
    STACK                                    0x200026e8   Section     1024  startup_stm32f303xc.o(STACK)
    __initial_sp                             0x20002ae8   Data           0  startup_stm32f303xc.o(STACK)

    Global Symbols

    Symbol Name                              Value     Ov Type        Size  Object(Section)

    BuildAttributes$$THM_ISAv4$E$P$D$K$B$S$7EM$VFPi3$EXTD16$VFPS$VFMA$PE$A:L22UL41UL21$X:L11$S22US41US21$IEEE1$IW$~IW$USESV6$~STKCKD$USESV7$~SHL$OTIME$ROPI$EBA8$UX$STANDARDLIB$REQ8$PRES8$EABIv2 0x00000000   Number         0  anon$$obj.o ABSOLUTE
    __ARM_exceptions_init                     - Undefined Weak Reference
    __alloca_initialize                       - Undefined Weak Reference
    __arm_preinit_                            - Undefined Weak Reference
    __cpp_initialize__aeabi_                  - Undefined Weak Reference
    __cxa_finalize                            - Undefined Weak Reference
    __rt_locale                               - Undefined Weak Reference
    __sigvec_lookup                           - Undefined Weak Reference
    _atexit_init                              - Undefined Weak Reference
    _call_atexit_fns                          - Undefined Weak Reference
    _clock_init                               - Undefined Weak Reference
    _fp_trap_init                             - Undefined Weak Reference
    _fp_trap_shutdown                         - Undefined Weak Reference
    _get_lc_collate                           - Undefined Weak Reference
    _get_lc_ctype                             - Undefined Weak Reference
    _get_lc_monetary                          - Undefined Weak Reference
    _get_lc_numeric                           - Undefined Weak Reference
    _get_lc_time                              - Undefined Weak Reference
    _getenv_init                              - Undefined Weak Reference
    _handle_redirection                       - Undefined Weak Reference
    _init_alloc                               - Undefined Weak Reference
    _init_user_alloc                          - Undefined Weak Reference
    _initio                                   - Undefined Weak Reference
    _rand_init                                - Undefined Weak Reference
    _signal_finish                            - Undefined Weak Reference
    _signal_init                              - Undefined Weak Reference
    _terminate_alloc                          - Undefined Weak Reference
    _terminate_user_alloc                     - Undefined Weak Reference
    _terminateio                              - Undefined Weak Reference
    __Vectors_Size                           0x00000188   Number         0  startup_stm32f303xc.o ABSOLUTE
    __Vectors                                0x08000000   Data           4  startup_stm32f303xc.o(RESET)
    __Vectors_End                            0x08000188   Data           0  startup_stm32f303xc.o(RESET)
    __main                                   0x08000189   Thumb Code     8  __main.o(!!!main)
    __scatterload                            0x08000191   Thumb Code     0  __scatter.o(!!!scatter)
    __scatterload_rt2                        0x08000191   Thumb Code    44  __scatter.o(!!!scatter)
    __scatterload_rt2_thumb_only             0x08000191   Thumb Code     0  __scatter.o(!!!scatter)
    __scatterload_null                       0x0800019f   Thumb Code     0  __scatter.o(!!!scatter)
    __scatterload_copy                       0x080001c5   Thumb Code    26  __scatter_copy.o(!!handler_copy)
    __scatterload_zeroinit                   0x080001e1   Thumb Code    28  __scatter_zi.o(!!handler_zi)
    __rt_lib_init                            0x080001fd   Thumb Code     0  libinit.o(.ARM.Collect$$libinit$$00000000)
    __rt_lib_init_fp_1                       0x080001ff   Thumb Code     0  libinit2.o(.ARM.Collect$$libinit$$00000001)
    __rt_lib_init_alloca_1                   0x08000203   Thumb Code     0  libinit2.o(.ARM.Collect$$libinit$$0000002E)
    __rt_lib_init_argv_1                     0x08000203   Thumb Code     0  libinit2.o(.ARM.Collect$$libinit$$0000002C)
    __rt_lib_init_atexit_1                   0x08000203   Thumb Code     0  libinit2.o(.ARM.Collect$$libinit$$0000001B)
    __rt_lib_init_clock_1                    0x08000203   Thumb Code     0  libinit2.o(.ARM.Collect$$libinit$$00000021)
    __rt_lib_init_cpp_1                      0x08000203   Thumb Code     0  libinit2.o(.ARM.Collect$$libinit$$00000032)
    __rt_lib_init_exceptions_1               0x08000203   Thumb Code     0  libinit2.o(.ARM.Collect$$libinit$$00000030)
    __rt_lib_init_fp_trap_1                  0x08000203   Thumb Code     0  libinit2.o(.ARM.Collect$$libinit$$0000001F)
    __rt_lib_init_getenv_1                   0x08000203   Thumb Code     0  libinit2.o(.ARM.Collect$$libinit$$00000023)
    __rt_lib_init_heap_1                     0x08000203   Thumb Code     0  libinit2.o(.ARM.Collect$$libinit$$0000000A)
    __rt_lib_init_lc_collate_1               0x08000203   Thumb Code     0  libinit2.o(.ARM.Collect$$libinit$$00000011)
    __rt_lib_init_lc_ctype_1                 0x08000203   Thumb Code     0  libinit2.o(.ARM.Collect$$libinit$$00000013)
    __rt_lib_init_lc_monetary_1              0x08000203   Thumb Code     0  libinit2.o(.ARM.Collect$$libinit$$00000015)
    __rt_lib_init_lc_numeric_1               0x08000203   Thumb Code     0  libinit2.o(.ARM.Collect$$libinit$$00000017)
    __rt_lib_init_lc_time_1                  0x08000203   Thumb Code     0  libinit2.o(.ARM.Collect$$libinit$$00000019)
    __rt_lib_init_preinit_1                  0x08000203   Thumb Code     0  libinit2.o(.ARM.Collect$$libinit$$00000004)
    __rt_lib_init_rand_1                     0x08000203   Thumb Code     0  libinit2.o(.ARM.Collect$$libinit$$0000000E)
    __rt_lib_init_return                     0x08000203   Thumb Code     0  libinit2.o(.ARM.Collect$$libinit$$00000033)
    __rt_lib_init_signal_1                   0x08000203   Thumb Code     0  libinit2.o(.ARM.Collect$$libinit$$0000001D)
    __rt_lib_init_stdio_1                    0x08000203   Thumb Code     0  libinit2.o(.ARM.Collect$$libinit$$00000025)
    __rt_lib_init_user_alloc_1               0x08000203   Thumb Code     0  libinit2.o(.ARM.Collect$$libinit$$0000000C)
    __rt_lib_shutdown                        0x08000205   Thumb Code     0  libshutdown.o(.ARM.Collect$$libshutdown$$00000000)
    __rt_lib_shutdown_cpp_1                  0x08000207   Thumb Code     0  libshutdown2.o(.ARM.Collect$$libshutdown$$00000002)
    __rt_lib_shutdown_fp_trap_1              0x08000207   Thumb Code     0  libshutdown2.o(.ARM.Collect$$libshutdown$$00000007)
    __rt_lib_shutdown_heap_1                 0x08000207   Thumb Code     0  libshutdown2.o(.ARM.Collect$$libshutdown$$0000000F)
    __rt_lib_shutdown_return                 0x08000207   Thumb Code     0  libshutdown2.o(.ARM.Collect$$libshutdown$$00000010)
    __rt_lib_shutdown_signal_1               0x08000207   Thumb Code     0  libshutdown2.o(.ARM.Collect$$libshutdown$$0000000A)
    __rt_lib_shutdown_stdio_1                0x08000207   Thumb Code     0  libshutdown2.o(.ARM.Collect$$libshutdown$$00000004)
    __rt_lib_shutdown_user_alloc_1           0x08000207   Thumb Code     0  libshutdown2.o(.ARM.Collect$$libshutdown$$0000000C)
    __rt_entry                               0x08000209   Thumb Code     0  __rtentry.o(.ARM.Collect$$rtentry$$00000000)
    __rt_entry_presh_1                       0x08000209   Thumb Code     0  __rtentry2.o(.ARM.Collect$$rtentry$$00000002)
    __rt_entry_sh                            0x08000209   Thumb Code     0  __rtentry4.o(.ARM.Collect$$rtentry$$00000004)
    __rt_entry_li                            0x0800020f   Thumb Code     0  __rtentry2.o(.ARM.Collect$$rtentry$$0000000A)
    __rt_entry_postsh_1                      0x0800020f   Thumb Code     0  __rtentry2.o(.ARM.Collect$$rtentry$$00000009)
    __rt_entry_main                          0x08000213   Thumb Code     0  __rtentry2.o(.ARM.Collect$$rtentry$$0000000D)
    __rt_entry_postli_1                      0x08000213   Thumb Code     0  __rtentry2.o(.ARM.Collect$$rtentry$$0000000C)
    __rt_exit                                0x0800021b   Thumb Code     0  rtexit.o(.ARM.Collect$$rtexit$$00000000)
    __rt_exit_ls                             0x0800021d   Thumb Code     0  rtexit2.o(.ARM.Collect$$rtexit$$00000003)
    __rt_exit_prels_1                        0x0800021d   Thumb Code     0  rtexit2.o(.ARM.Collect$$rtexit$$00000002)
    __rt_exit_exit                           0x08000221   Thumb Code     0  rtexit2.o(.ARM.Collect$$rtexit$$00000004)
    Reset_Handler                            0x08000229   Thumb Code     8  startup_stm32f303xc.o(.text)
    ADC1_2_IRQHandler                        0x08000243   Thumb Code     0  startup_stm32f303xc.o(.text)
    ADC3_IRQHandler                          0x08000243   Thumb Code     0  startup_stm32f303xc.o(.text)
    ADC4_IRQHandler                          0x08000243   Thumb Code     0  startup_stm32f303xc.o(.text)
    CAN_RX1_IRQHandler                       0x08000243   Thumb Code     0  startup_stm32f303xc.o(.text)
    CAN_SCE_IRQHandler                       0x08000243   Thumb Code     0  startup_stm32f303xc.o(.text)
    COMP1_2_3_IRQHandler                     0x08000243   Thumb Code     0  startup_stm32f303xc.o(.text)
    COMP4_5_6_IRQHandler                     0x08000243   Thumb Code     0  startup_stm32f303xc.o(.text)
    COMP7_IRQHandler                         0x08000243   Thumb Code     0  startup_stm32f303xc.o(.text)
    DMA1_Channel2_IRQHandler                 0x08000243   Thumb Code     0  startup_stm32f303xc.o(.text)
    DMA1_Channel3_IRQHandler                 0x08000243   Thumb Code     0  startup_stm32f303xc.o(.text)
    DMA1_Channel4_IRQHandler                 0x08000243   Thumb Code     0  startup_stm32f303xc.o(.text)
    DMA1_Channel5_IRQHandler                 0x08000243   Thumb Code     0  startup_stm32f303xc.o(.text)
    DMA1_Channel6_IRQHandler                 0x08000243   Thumb Code     0  startup_stm32f303xc.o(.text)
    DMA1_Channel7_IRQHandler                 0x08000243   Thumb Code     0  startup_stm32f303xc.o(.text)
    DMA2_Channel1_IRQHandler                 0x08000243   Thumb Code     0  startup_stm32f303xc.o(.text)
    DMA2_Channel2_IRQHandler                 0x08000243   Thumb Code     0  startup_stm32f303xc.o(.text)
    DMA2_Channel4_IRQHandler                 0x08000243   Thumb Code     0  startup_stm32f303xc.o(.text)
    DMA2_Channel5_IRQHandler                 0x08000243   Thumb Code     0  startup_stm32f303xc.o(.text)
    EXTI0_IRQHandler                         0x08000243   Thumb Code     0  startup_stm32f303xc.o(.text)
    EXTI15_10_IRQHandler                     0x08000243   Thumb Code     0  startup_stm32f303xc.o(.text)
    EXTI1_IRQHandler                         0x08000243   Thumb Code     0  startup_stm32f303xc.o(.text)
    EXTI2_TSC_IRQHandler                     0x08000243   Thumb Code     0  startup_stm32f303xc.o(.text)
    EXTI3_IRQHandler                         0x08000243   Thumb Code     0  startup_stm32f303xc.o(.text)
    EXTI4_IRQHandler                         0x08000243   Thumb Code     0  startup_stm32f303xc.o(.text)
    EXTI9_5_IRQHandler                       0x08000243   Thumb Code     0  startup_stm32f303xc.o(.text)
    FLASH_IRQHandler                         0x08000243   Thumb Code     0  startup_stm32f303xc.o(.text)
    FPU_IRQHandler                           0x08000243   Thumb Code     0  startup_stm32f303xc.o(.text)
    I2C1_ER_IRQHandler                       0x08000243   Thumb Code     0  startup_stm32f303xc.o(.text)
    I2C1_EV_IRQHandler                       0x08000243   Thumb Code     0  startup_stm32f303xc.o(.text)
    I2C2_ER_IRQHandler                       0x08000243   Thumb Code     0  startup_stm32f303xc.o(.text)
    I2C2_EV_IRQHandler                       0x08000243   Thumb Code     0  startup_stm32f303xc.o(.text)
    PVD_IRQHandler                           0x08000243   Thumb Code     0  startup_stm32f303xc.o(.text)
    RCC_IRQHandler                           0x08000243   Thumb Code     0  startup_stm32f303xc.o(.text)
    RTC_Alarm_IRQHandler                     0x08000243   Thumb Code     0  startup_stm32f303xc.o(.text)
    RTC_WKUP_IRQHandler                      0x08000243   Thumb Code     0  startup_stm32f303xc.o(.text)
    SPI1_IRQHandler                          0x08000243   Thumb Code     0  startup_stm32f303xc.o(.text)
    SPI2_IRQHandler                          0x08000243   Thumb Code     0  startup_stm32f303xc.o(.text)
    SPI3_IRQHandler                          0x08000243   Thumb Code     0  startup_stm32f303xc.o(.text)
    TAMP_STAMP_IRQHandler                    0x08000243   Thumb Code     0  startup_stm32f303xc.o(.text)
    TIM1_BRK_TIM15_IRQHandler                0x08000243   Thumb Code     0  startup_stm32f303xc.o(.text)
    TIM1_CC_IRQHandler                       0x08000243   Thumb Code     0  startup_stm32f303xc.o(.text)
    TIM1_TRG_COM_TIM17_IRQHandler            0x08000243   Thumb Code     0  startup_stm32f303xc.o(.text)
    TIM1_UP_TIM16_IRQHandler                 0x08000243   Thumb Code     0  startup_stm32f303xc.o(.text)
    TIM2_IRQHandler                          0x08000243   Thumb Code     0  startup_stm32f303xc.o(.text)
    TIM4_IRQHandler                          0x08000243   Thumb Code     0  startup_stm32f303xc.o(.text)
    TIM6_DAC_IRQHandler                      0x08000243   Thumb Code     0  startup_stm32f303xc.o(.text)
    TIM7_IRQHandler                          0x08000243   Thumb Code     0  startup_stm32f303xc.o(.text)
    TIM8_BRK_IRQHandler                      0x08000243   Thumb Code     0  startup_stm32f303xc.o(.text)
    TIM8_CC_IRQHandler                       0x08000243   Thumb Code     0  startup_stm32f303xc.o(.text)
    TIM8_TRG_COM_IRQHandler                  0x08000243   Thumb Code     0  startup_stm32f303xc.o(.text)
    TIM8_UP_IRQHandler                       0x08000243   Thumb Code     0  startup_stm32f303xc.o(.text)
    UART4_IRQHandler                         0x08000243   Thumb Code     0  startup_stm32f303xc.o(.text)
    UART5_IRQHandler                         0x08000243   Thumb Code     0  startup_stm32f303xc.o(.text)
    USART2_IRQHandler                        0x08000243   Thumb Code     0  startup_stm32f303xc.o(.text)
    USART3_IRQHandler                        0x08000243   Thumb Code     0  startup_stm32f303xc.o(.text)
    USBWakeUp_IRQHandler                     0x08000243   Thumb Code     0  startup_stm32f303xc.o(.text)
    USBWakeUp_RMP_IRQHandler                 0x08000243   Thumb Code     0  startup_stm32f303xc.o(.text)
    USB_HP_CAN_TX_IRQHandler                 0x08000243   Thumb Code     0  startup_stm32f303xc.o(.text)
    USB_HP_IRQHandler                        0x08000243   Thumb Code     0  startup_stm32f303xc.o(.text)
    USB_LP_CAN_RX0_IRQHandler                0x08000243   Thumb Code     0  startup_stm32f303xc.o(.text)
    USB_LP_IRQHandler                        0x08000243   Thumb Code     0  startup_stm32f303xc.o(.text)
    WWDG_IRQHandler                          0x08000243   Thumb Code     0  startup_stm32f303xc.o(.text)
    __user_initial_stackheap                 0x08000245   Thumb Code     0  startup_stm32f303xc.o(.text)
    __aeabi_memclr4                          0x08000269   Thumb Code     0  rt_memclr_w.o(.text)
    __aeabi_memclr8                          0x08000269   Thumb Code     0  rt_memclr_w.o(.text)
    __rt_memclr_w                            0x08000269   Thumb Code     0  rt_memclr_w.o(.text)
    _memset_w                                0x0800026d   Thumb Code    74  rt_memclr_w.o(.text)
    __use_two_region_memory                  0x080002b7   Thumb Code     2  heapauxi.o(.text)
    __rt_heap_escrow$2region                 0x080002b9   Thumb Code     2  heapauxi.o(.text)
    __rt_heap_expand$2region                 0x080002bb   Thumb Code     2  heapauxi.o(.text)
    __user_setup_stackheap                   0x080002bd   Thumb Code    74  sys_stackheap_outer.o(.text)
    exit                                     0x08000307   Thumb Code    18  exit.o(.text)
    __user_libspace                          0x08000319   Thumb Code     8  libspace.o(.text)
    __user_perproc_libspace                  0x08000319   Thumb Code     0  libspace.o(.text)
    __user_perthread_libspace                0x08000319   Thumb Code     0  libspace.o(.text)
    _sys_exit                                0x08000321   Thumb Code     8  sys_exit.o(.text)
    __I$use$semihosting                      0x0800032d   Thumb Code     0  use_no_semi.o(.text)
    __use_no_semihosting_swi                 0x0800032d   Thumb Code     2  use_no_semi.o(.text)
    __semihosting_library_function           0x0800032f   Thumb Code     0  indicate_semi.o(.text)
    ADC1_2_Dual_Init                         0x08000331   Thumb Code   442  cmsis_my.o(.text.ADC1_2_Dual_Init)
    BusFault_Handler                         0x080004ed   Thumb Code     2  stm32f3xx_it.o(.text.BusFault_Handler)
    Collect_ADC_Complete                     0x080004f1   Thumb Code   110  my_functions.o(.text.Collect_ADC_Complete)
    DAC1_Init                                0x08000561   Thumb Code   208  cmsis_my.o(.text.DAC1_Init)
    DMA1_Channel1_IRQHandler                 0x08000631   Thumb Code   260  stm32f3xx_it.o(.text.DMA1_Channel1_IRQHandler)
    DMA2_Channel3_IRQHandler                 0x08000735   Thumb Code    60  stm32f3xx_it.o(.text.DMA2_Channel3_IRQHandler)
    DebugMon_Handler                         0x08000771   Thumb Code     2  stm32f3xx_it.o(.text.DebugMon_Handler)
    Enable_DAC_ADC                           0x08000775   Thumb Code    56  my_functions.o(.text.Enable_DAC_ADC)
    Error_Handler                            0x080007ad   Thumb Code     6  main.o(.text.Error_Handler)
    HAL_DMA_Abort                            0x080007b5   Thumb Code    64  stm32f3xx_hal_dma.o(.text.HAL_DMA_Abort)
    HAL_DMA_Abort_IT                         0x080007f5   Thumb Code    78  stm32f3xx_hal_dma.o(.text.HAL_DMA_Abort_IT)
    HAL_GPIO_Init                            0x08000845   Thumb Code   410  stm32f3xx_hal_gpio.o(.text.HAL_GPIO_Init)
    HAL_GPIO_TogglePin                       0x080009e1   Thumb Code    16  stm32f3xx_hal_gpio.o(.text.HAL_GPIO_TogglePin)
    HAL_GPIO_WritePin                        0x080009f1   Thumb Code    12  stm32f3xx_hal_gpio.o(.text.HAL_GPIO_WritePin)
    HAL_GetTick                              0x080009fd   Thumb Code    12  stm32f3xx_hal.o(.text.HAL_GetTick)
    HAL_IncTick                              0x08000a09   Thumb Code    26  stm32f3xx_hal.o(.text.HAL_IncTick)
    HAL_Init                                 0x08000a25   Thumb Code    38  stm32f3xx_hal.o(.text.HAL_Init)
    HAL_InitTick                             0x08000a4d   Thumb Code    80  stm32f3xx_hal.o(.text.HAL_InitTick)
    HAL_MspInit                              0x08000a9d   Thumb Code    50  stm32f3xx_hal_msp.o(.text.HAL_MspInit)
    HAL_NVIC_EnableIRQ                       0x08000ad1   Thumb Code     8  stm32f3xx_hal_cortex.o(.text.HAL_NVIC_EnableIRQ)
    HAL_NVIC_SetPriority                     0x08000ad9   Thumb Code    30  stm32f3xx_hal_cortex.o(.text.HAL_NVIC_SetPriority)
    HAL_NVIC_SetPriorityGrouping             0x08000af9   Thumb Code     8  stm32f3xx_hal_cortex.o(.text.HAL_NVIC_SetPriorityGrouping)
    HAL_NVIC_SystemReset                     0x08000b01   Thumb Code     4  stm32f3xx_hal_cortex.o(.text.HAL_NVIC_SystemReset)
    HAL_OPAMP_Init                           0x08000b05   Thumb Code   210  stm32f3xx_hal_opamp.o(.text.HAL_OPAMP_Init)
    HAL_OPAMP_MspInit                        0x08000bd9   Thumb Code   198  stm32f3xx_hal_msp.o(.text.HAL_OPAMP_MspInit)
    HAL_RCCEx_PeriphCLKConfig                0x08000ca1   Thumb Code   522  stm32f3xx_hal_rcc_ex.o(.text.HAL_RCCEx_PeriphCLKConfig)
    HAL_RCC_ClockConfig                      0x08000ead   Thumb Code   336  stm32f3xx_hal_rcc.o(.text.HAL_RCC_ClockConfig)
    HAL_RCC_GetHCLKFreq                      0x08000ffd   Thumb Code    12  stm32f3xx_hal_rcc.o(.text.HAL_RCC_GetHCLKFreq)
    HAL_RCC_GetPCLK1Freq                     0x08001009   Thumb Code    34  stm32f3xx_hal_rcc.o(.text.HAL_RCC_GetPCLK1Freq)
    HAL_RCC_GetPCLK2Freq                     0x0800102d   Thumb Code    34  stm32f3xx_hal_rcc.o(.text.HAL_RCC_GetPCLK2Freq)
    HAL_RCC_GetSysClockFreq                  0x08001051   Thumb Code    86  stm32f3xx_hal_rcc.o(.text.HAL_RCC_GetSysClockFreq)
    HAL_RCC_OscConfig                        0x080010a9   Thumb Code   788  stm32f3xx_hal_rcc.o(.text.HAL_RCC_OscConfig)
    HAL_SYSTICK_Config                       0x080013bd   Thumb Code     8  stm32f3xx_hal_cortex.o(.text.HAL_SYSTICK_Config)
    HAL_UARTEx_RxEventCallback               0x080013c5   Thumb Code     2  stm32f3xx_hal_uart.o(.text.HAL_UARTEx_RxEventCallback)
    HAL_UARTEx_WakeupCallback                0x080013c9   Thumb Code     2  stm32f3xx_hal_uart_ex.o(.text.HAL_UARTEx_WakeupCallback)
    HAL_UART_ErrorCallback                   0x080013cd   Thumb Code     2  stm32f3xx_hal_uart.o(.text.HAL_UART_ErrorCallback)
    HAL_UART_IRQHandler                      0x080013d1   Thumb Code   672  stm32f3xx_hal_uart.o(.text.HAL_UART_IRQHandler)
    HAL_UART_Init                            0x08001671   Thumb Code    94  stm32f3xx_hal_uart.o(.text.HAL_UART_Init)
    HAL_UART_MspInit                         0x080016d1   Thumb Code   128  stm32f3xx_hal_msp.o(.text.HAL_UART_MspInit)
    HAL_UART_Receive_IT                      0x08001751   Thumb Code    90  stm32f3xx_hal_uart.o(.text.HAL_UART_Receive_IT)
    HAL_UART_RxCpltCallback                  0x080017ad   Thumb Code    72  stm32f3xx_it.o(.text.HAL_UART_RxCpltCallback)
    HAL_UART_Transmit_IT                     0x080017f5   Thumb Code   126  stm32f3xx_hal_uart.o(.text.HAL_UART_Transmit_IT)
    HAL_UART_TxCpltCallback                  0x08001875   Thumb Code    56  stm32f3xx_it.o(.text.HAL_UART_TxCpltCallback)
    HardFault_Handler                        0x080018ad   Thumb Code     2  stm32f3xx_it.o(.text.HardFault_Handler)
    Make_Ramp                                0x08001a81   Thumb Code    88  my_functions.o(.text.Make_Ramp)
    MemManage_Handler                        0x08001ad9   Thumb Code     2  stm32f3xx_it.o(.text.MemManage_Handler)
    NMI_Handler                              0x08001add   Thumb Code     2  stm32f3xx_it.o(.text.NMI_Handler)
    Opamp_Start                              0x08001b0d   Thumb Code    10  cmsis_my.o(.text.Opamp_Start)
    PendSV_Handler                           0x08001b19   Thumb Code     2  stm32f3xx_it.o(.text.PendSV_Handler)
    SVC_Handler                              0x08001b1d   Thumb Code     2  stm32f3xx_it.o(.text.SVC_Handler)
    SysTick_Handler                          0x08001b51   Thumb Code     8  stm32f3xx_it.o(.text.SysTick_Handler)
    SystemClock_Config                       0x08001b59   Thumb Code   120  main.o(.text.SystemClock_Config)
    SystemInit                               0x08001bd1   Thumb Code    18  system_stm32f3xx.o(.text.SystemInit)
    TIM2_Init                                0x08001be5   Thumb Code    82  cmsis_my.o(.text.TIM2_Init)
    TIM3_IRQHandler                          0x08001c39   Thumb Code    78  stm32f3xx_it.o(.text.TIM3_IRQHandler)
    TIM3_Init                                0x08001c89   Thumb Code   112  cmsis_my.o(.text.TIM3_Init)
    TIM8_Init                                0x08001cf9   Thumb Code    78  cmsis_my.o(.text.TIM8_Init)
    UART_AdvFeatureConfig                    0x08001d49   Thumb Code   230  stm32f3xx_hal_uart.o(.text.UART_AdvFeatureConfig)
    UART_CheckIdleState                      0x08001e31   Thumb Code   106  stm32f3xx_hal_uart.o(.text.UART_CheckIdleState)
    UART_SetConfig                           0x08002071   Thumb Code   440  stm32f3xx_hal_uart.o(.text.UART_SetConfig)
    UART_Start_Receive_IT                    0x08002249   Thumb Code   146  stm32f3xx_hal_uart.o(.text.UART_Start_Receive_IT)
    UART_WaitOnFlagUntilTimeout              0x08002389   Thumb Code   228  stm32f3xx_hal_uart.o(.text.UART_WaitOnFlagUntilTimeout)
    USART1_IRQHandler                        0x0800246d   Thumb Code    74  stm32f3xx_it.o(.text.USART1_IRQHandler)
    UsageFault_Handler                       0x080024b9   Thumb Code     2  stm32f3xx_it.o(.text.UsageFault_Handler)
    main                                     0x08002595   Thumb Code   296  main.o(.text.main)
    _fp_init                                 0x080026c5   Thumb Code    26  fpinit.o(x$fpl$fpinit)
    __fplib_config_fpu_vfp                   0x080026dd   Thumb Code     0  fpinit.o(x$fpl$fpinit)
    __fplib_config_pureend_doubles           0x080026dd   Thumb Code     0  fpinit.o(x$fpl$fpinit)
    AHBPrescTable                            0x080026de   Data          16  system_stm32f3xx.o(.rodata.AHBPrescTable)
    APBPrescTable                            0x080026ee   Data           8  system_stm32f3xx.o(.rodata.APBPrescTable)
    aPLLMULFactorTable                       0x080026f6   Data          16  stm32f3xx_hal_rcc.o(.rodata.aPLLMULFactorTable)
    aPredivFactorTable                       0x08002706   Data          16  stm32f3xx_hal_rcc.o(.rodata.aPredivFactorTable)
    Region$$Table$$Base                      0x08002718   Number         0  anon$$obj.o(Region$$Table)
    Region$$Table$$Limit                     0x08002738   Number         0  anon$$obj.o(Region$$Table)
    SystemCoreClock                          0x20000000   Data           4  system_stm32f3xx.o(.data.SystemCoreClock)
    ampl                                     0x20000004   Data           2  main.o(.data.ampl)
    uwTickFreq                               0x20000006   Data           1  stm32f3xx_hal.o(.data.uwTickFreq)
    uwTickPrio                               0x20000008   Data           4  stm32f3xx_hal.o(.data.uwTickPrio)
    __libspace_start                         0x20000010   Data          96  libspace.o(.bss)
    BUFF_ADC1_2                              0x20000070   Data         512  main.o(.bss.BUFF_ADC1_2)
    __temporary_stack_top$libspace           0x20000070   Data           0  libspace.o(.bss)
    Triangle_DAC                             0x20000270   Data         256  main.o(.bss.Triangle_DAC)
    UART_command                             0x20000370   Data           4  main.o(.bss.UART_command)
    count_dac_period                         0x20000374   Data           1  main.o(.bss.count_dac_period)
    count_dma_period                         0x20000376   Data           2  main.o(.bss.count_dma_period)
    firstByteWait                            0x20000379   Data           1  main.o(.bss.firstByteWait)
    flags                                    0x2000037c   Data           4  main.o(.bss.flags)
    hopamp1                                  0x20000380   Data          52  main.o(.bss.hopamp1)
    hopamp2                                  0x200003b4   Data          52  main.o(.bss.hopamp2)
    hopamp3                                  0x200003e8   Data          52  main.o(.bss.hopamp3)
    hopamp4                                  0x2000041c   Data          52  main.o(.bss.hopamp4)
    huart1                                   0x20000450   Data         132  main.o(.bss.huart1)
    message_ADC12                            0x200004d4   Data        8196  stm32f3xx_it.o(.bss.message_ADC12)
    period_number_dac                        0x200024d8   Data           1  main.o(.bss.period_number_dac)
    uwTick                                   0x200024e0   Data           4  stm32f3xx_hal.o(.bss.uwTick)



==============================================================================

Memory Map of the image

  Image Entry point : 0x08000189

  Load Region LR_IROM1 (Base: 0x08000000, Size: 0x00002748, Max: 0x00040000, ABSOLUTE)

    Execution Region ER_IROM1 (Exec base: 0x08000000, Load base: 0x08000000, Size: 0x00002738, Max: 0x00040000, ABSOLUTE)

    Exec Addr    Load Addr    Size         Type   Attr      Idx    E Section Name        Object

    0x08000000   0x08000000   0x00000188   Data   RO            3    RESET               startup_stm32f303xc.o
    0x08000188   0x08000188   0x00000008   Code   RO          965  * !!!main             c_w.l(__main.o)
    0x08000190   0x08000190   0x00000034   Code   RO         1128    !!!scatter          c_w.l(__scatter.o)
    0x080001c4   0x080001c4   0x0000001a   Code   RO         1130    !!handler_copy      c_w.l(__scatter_copy.o)
    0x080001de   0x080001de   0x00000002   PAD
    0x080001e0   0x080001e0   0x0000001c   Code   RO         1132    !!handler_zi        c_w.l(__scatter_zi.o)
    0x080001fc   0x080001fc   0x00000002   Code   RO          992    .ARM.Collect$$libinit$$00000000  c_w.l(libinit.o)
    0x080001fe   0x080001fe   0x00000004   Code   RO          998    .ARM.Collect$$libinit$$00000001  c_w.l(libinit2.o)
    0x08000202   0x08000202   0x00000000   Code   RO         1001    .ARM.Collect$$libinit$$00000004  c_w.l(libinit2.o)
    0x08000202   0x08000202   0x00000000   Code   RO         1004    .ARM.Collect$$libinit$$0000000A  c_w.l(libinit2.o)
    0x08000202   0x08000202   0x00000000   Code   RO         1006    .ARM.Collect$$libinit$$0000000C  c_w.l(libinit2.o)
    0x08000202   0x08000202   0x00000000   Code   RO         1008    .ARM.Collect$$libinit$$0000000E  c_w.l(libinit2.o)
    0x08000202   0x08000202   0x00000000   Code   RO         1011    .ARM.Collect$$libinit$$00000011  c_w.l(libinit2.o)
    0x08000202   0x08000202   0x00000000   Code   RO         1013    .ARM.Collect$$libinit$$00000013  c_w.l(libinit2.o)
    0x08000202   0x08000202   0x00000000   Code   RO         1015    .ARM.Collect$$libinit$$00000015  c_w.l(libinit2.o)
    0x08000202   0x08000202   0x00000000   Code   RO         1017    .ARM.Collect$$libinit$$00000017  c_w.l(libinit2.o)
    0x08000202   0x08000202   0x00000000   Code   RO         1019    .ARM.Collect$$libinit$$00000019  c_w.l(libinit2.o)
    0x08000202   0x08000202   0x00000000   Code   RO         1021    .ARM.Collect$$libinit$$0000001B  c_w.l(libinit2.o)
    0x08000202   0x08000202   0x00000000   Code   RO         1023    .ARM.Collect$$libinit$$0000001D  c_w.l(libinit2.o)
    0x08000202   0x08000202   0x00000000   Code   RO         1025    .ARM.Collect$$libinit$$0000001F  c_w.l(libinit2.o)
    0x08000202   0x08000202   0x00000000   Code   RO         1027    .ARM.Collect$$libinit$$00000021  c_w.l(libinit2.o)
    0x08000202   0x08000202   0x00000000   Code   RO         1029    .ARM.Collect$$libinit$$00000023  c_w.l(libinit2.o)
    0x08000202   0x08000202   0x00000000   Code   RO         1031    .ARM.Collect$$libinit$$00000025  c_w.l(libinit2.o)
    0x08000202   0x08000202   0x00000000   Code   RO         1035    .ARM.Collect$$libinit$$0000002C  c_w.l(libinit2.o)
    0x08000202   0x08000202   0x00000000   Code   RO         1037    .ARM.Collect$$libinit$$0000002E  c_w.l(libinit2.o)
    0x08000202   0x08000202   0x00000000   Code   RO         1039    .ARM.Collect$$libinit$$00000030  c_w.l(libinit2.o)
    0x08000202   0x08000202   0x00000000   Code   RO         1041    .ARM.Collect$$libinit$$00000032  c_w.l(libinit2.o)
    0x08000202   0x08000202   0x00000002   Code   RO         1042    .ARM.Collect$$libinit$$00000033  c_w.l(libinit2.o)
    0x08000204   0x08000204   0x00000002   Code   RO         1064    .ARM.Collect$$libshutdown$$00000000  c_w.l(libshutdown.o)
    0x08000206   0x08000206   0x00000000   Code   RO         1079    .ARM.Collect$$libshutdown$$00000002  c_w.l(libshutdown2.o)
    0x08000206   0x08000206   0x00000000   Code   RO         1081    .ARM.Collect$$libshutdown$$00000004  c_w.l(libshutdown2.o)
    0x08000206   0x08000206   0x00000000   Code   RO         1084    .ARM.Collect$$libshutdown$$00000007  c_w.l(libshutdown2.o)
    0x08000206   0x08000206   0x00000000   Code   RO         1087    .ARM.Collect$$libshutdown$$0000000A  c_w.l(libshutdown2.o)
    0x08000206   0x08000206   0x00000000   Code   RO         1089    .ARM.Collect$$libshutdown$$0000000C  c_w.l(libshutdown2.o)
    0x08000206   0x08000206   0x00000000   Code   RO         1092    .ARM.Collect$$libshutdown$$0000000F  c_w.l(libshutdown2.o)
    0x08000206   0x08000206   0x00000002   Code   RO         1093    .ARM.Collect$$libshutdown$$00000010  c_w.l(libshutdown2.o)
    0x08000208   0x08000208   0x00000000   Code   RO          967    .ARM.Collect$$rtentry$$00000000  c_w.l(__rtentry.o)
    0x08000208   0x08000208   0x00000000   Code   RO          969    .ARM.Collect$$rtentry$$00000002  c_w.l(__rtentry2.o)
    0x08000208   0x08000208   0x00000006   Code   RO          981    .ARM.Collect$$rtentry$$00000004  c_w.l(__rtentry4.o)
    0x0800020e   0x0800020e   0x00000000   Code   RO          971    .ARM.Collect$$rtentry$$00000009  c_w.l(__rtentry2.o)
    0x0800020e   0x0800020e   0x00000004   Code   RO          972    .ARM.Collect$$rtentry$$0000000A  c_w.l(__rtentry2.o)
    0x08000212   0x08000212   0x00000000   Code   RO          974    .ARM.Collect$$rtentry$$0000000C  c_w.l(__rtentry2.o)
    0x08000212   0x08000212   0x00000008   Code   RO          975    .ARM.Collect$$rtentry$$0000000D  c_w.l(__rtentry2.o)
    0x0800021a   0x0800021a   0x00000002   Code   RO          996    .ARM.Collect$$rtexit$$00000000  c_w.l(rtexit.o)
    0x0800021c   0x0800021c   0x00000000   Code   RO         1044    .ARM.Collect$$rtexit$$00000002  c_w.l(rtexit2.o)
    0x0800021c   0x0800021c   0x00000004   Code   RO         1045    .ARM.Collect$$rtexit$$00000003  c_w.l(rtexit2.o)
    0x08000220   0x08000220   0x00000006   Code   RO         1046    .ARM.Collect$$rtexit$$00000004  c_w.l(rtexit2.o)
    0x08000226   0x08000226   0x00000002   PAD
    0x08000228   0x08000228   0x00000040   Code   RO            4    .text               startup_stm32f303xc.o
    0x08000268   0x08000268   0x0000004e   Code   RO          961    .text               c_w.l(rt_memclr_w.o)
    0x080002b6   0x080002b6   0x00000006   Code   RO          963    .text               c_w.l(heapauxi.o)
    0x080002bc   0x080002bc   0x0000004a   Code   RO          983    .text               c_w.l(sys_stackheap_outer.o)
    0x08000306   0x08000306   0x00000012   Code   RO          985    .text               c_w.l(exit.o)
    0x08000318   0x08000318   0x00000008   Code   RO          993    .text               c_w.l(libspace.o)
    0x08000320   0x08000320   0x0000000c   Code   RO         1054    .text               c_w.l(sys_exit.o)
    0x0800032c   0x0800032c   0x00000002   Code   RO         1069    .text               c_w.l(use_no_semi.o)
    0x0800032e   0x0800032e   0x00000000   Code   RO         1071    .text               c_w.l(indicate_semi.o)
    0x0800032e   0x0800032e   0x00000002   PAD
    0x08000330   0x08000330   0x000001ba   Code   RO          112    .text.ADC1_2_Dual_Init  cmsis_my.o
    0x080004ea   0x080004ea   0x00000002   PAD
    0x080004ec   0x080004ec   0x00000002   Code   RO           59    .text.BusFault_Handler  stm32f3xx_it.o
    0x080004ee   0x080004ee   0x00000002   PAD
    0x080004f0   0x080004f0   0x0000006e   Code   RO          136    .text.Collect_ADC_Complete  my_functions.o
    0x0800055e   0x0800055e   0x00000002   PAD
    0x08000560   0x08000560   0x000000d0   Code   RO          118    .text.DAC1_Init     cmsis_my.o
    0x08000630   0x08000630   0x00000104   Code   RO           73    .text.DMA1_Channel1_IRQHandler  stm32f3xx_it.o
    0x08000734   0x08000734   0x0000003c   Code   RO           75    .text.DMA2_Channel3_IRQHandler  stm32f3xx_it.o
    0x08000770   0x08000770   0x00000002   Code   RO           65    .text.DebugMon_Handler  stm32f3xx_it.o
    0x08000772   0x08000772   0x00000002   PAD
    0x08000774   0x08000774   0x00000038   Code   RO          140    .text.Enable_DAC_ADC  my_functions.o
    0x080007ac   0x080007ac   0x00000006   Code   RO           27    .text.Error_Handler  main.o
    0x080007b2   0x080007b2   0x00000002   PAD
    0x080007b4   0x080007b4   0x00000040   Code   RO          340    .text.HAL_DMA_Abort  stm32f3xx_hal_dma.o
    0x080007f4   0x080007f4   0x0000004e   Code   RO          342    .text.HAL_DMA_Abort_IT  stm32f3xx_hal_dma.o
    0x08000842   0x08000842   0x00000002   PAD
    0x08000844   0x08000844   0x0000019a   Code   RO          304    .text.HAL_GPIO_Init  stm32f3xx_hal_gpio.o
    0x080009de   0x080009de   0x00000002   PAD
    0x080009e0   0x080009e0   0x00000010   Code   RO          312    .text.HAL_GPIO_TogglePin  stm32f3xx_hal_gpio.o
    0x080009f0   0x080009f0   0x0000000c   Code   RO          310    .text.HAL_GPIO_WritePin  stm32f3xx_hal_gpio.o
    0x080009fc   0x080009fc   0x0000000c   Code   RO          200    .text.HAL_GetTick   stm32f3xx_hal.o
    0x08000a08   0x08000a08   0x0000001a   Code   RO          198    .text.HAL_IncTick   stm32f3xx_hal.o
    0x08000a22   0x08000a22   0x00000002   PAD
    0x08000a24   0x08000a24   0x00000026   Code   RO          188    .text.HAL_Init      stm32f3xx_hal.o
    0x08000a4a   0x08000a4a   0x00000002   PAD
    0x08000a4c   0x08000a4c   0x00000050   Code   RO          190    .text.HAL_InitTick  stm32f3xx_hal.o
    0x08000a9c   0x08000a9c   0x00000032   Code   RO           94    .text.HAL_MspInit   stm32f3xx_hal_msp.o
    0x08000ace   0x08000ace   0x00000002   PAD
    0x08000ad0   0x08000ad0   0x00000008   Code   RO          376    .text.HAL_NVIC_EnableIRQ  stm32f3xx_hal_cortex.o
    0x08000ad8   0x08000ad8   0x0000001e   Code   RO          368    .text.HAL_NVIC_SetPriority  stm32f3xx_hal_cortex.o
    0x08000af6   0x08000af6   0x00000002   PAD
    0x08000af8   0x08000af8   0x00000008   Code   RO          364    .text.HAL_NVIC_SetPriorityGrouping  stm32f3xx_hal_cortex.o
    0x08000b00   0x08000b00   0x00000004   Code   RO          384    .text.HAL_NVIC_SystemReset  stm32f3xx_hal_cortex.o
    0x08000b04   0x08000b04   0x000000d2   Code   RO          151    .text.HAL_OPAMP_Init  stm32f3xx_hal_opamp.o
    0x08000bd6   0x08000bd6   0x00000002   PAD
    0x08000bd8   0x08000bd8   0x000000c6   Code   RO           96    .text.HAL_OPAMP_MspInit  stm32f3xx_hal_msp.o
    0x08000c9e   0x08000c9e   0x00000002   PAD
    0x08000ca0   0x08000ca0   0x0000020a   Code   RO          287    .text.HAL_RCCEx_PeriphCLKConfig  stm32f3xx_hal_rcc_ex.o
    0x08000eaa   0x08000eaa   0x00000002   PAD
    0x08000eac   0x08000eac   0x00000150   Code   RO          253    .text.HAL_RCC_ClockConfig  stm32f3xx_hal_rcc.o
    0x08000ffc   0x08000ffc   0x0000000c   Code   RO          263    .text.HAL_RCC_GetHCLKFreq  stm32f3xx_hal_rcc.o
    0x08001008   0x08001008   0x00000022   Code   RO          265    .text.HAL_RCC_GetPCLK1Freq  stm32f3xx_hal_rcc.o
    0x0800102a   0x0800102a   0x00000002   PAD
    0x0800102c   0x0800102c   0x00000022   Code   RO          267    .text.HAL_RCC_GetPCLK2Freq  stm32f3xx_hal_rcc.o
    0x0800104e   0x0800104e   0x00000002   PAD
    0x08001050   0x08001050   0x00000056   Code   RO          255    .text.HAL_RCC_GetSysClockFreq  stm32f3xx_hal_rcc.o
    0x080010a6   0x080010a6   0x00000002   PAD
    0x080010a8   0x080010a8   0x00000314   Code   RO          251    .text.HAL_RCC_OscConfig  stm32f3xx_hal_rcc.o
    0x080013bc   0x080013bc   0x00000008   Code   RO          388    .text.HAL_SYSTICK_Config  stm32f3xx_hal_cortex.o
    0x080013c4   0x080013c4   0x00000002   Code   RO          867    .text.HAL_UARTEx_RxEventCallback  stm32f3xx_hal_uart.o
    0x080013c6   0x080013c6   0x00000002   PAD
    0x080013c8   0x080013c8   0x00000002   Code   RO          919    .text.HAL_UARTEx_WakeupCallback  stm32f3xx_hal_uart_ex.o
    0x080013ca   0x080013ca   0x00000002   PAD
    0x080013cc   0x080013cc   0x00000002   Code   RO          865    .text.HAL_UART_ErrorCallback  stm32f3xx_hal_uart.o
    0x080013ce   0x080013ce   0x00000002   PAD
    0x080013d0   0x080013d0   0x000002a0   Code   RO          861    .text.HAL_UART_IRQHandler  stm32f3xx_hal_uart.o
    0x08001670   0x08001670   0x0000005e   Code   RO          777    .text.HAL_UART_Init  stm32f3xx_hal_uart.o
    0x080016ce   0x080016ce   0x00000002   PAD
    0x080016d0   0x080016d0   0x00000080   Code   RO          100    .text.HAL_UART_MspInit  stm32f3xx_hal_msp.o
    0x08001750   0x08001750   0x0000005a   Code   RO          809    .text.HAL_UART_Receive_IT  stm32f3xx_hal_uart.o
    0x080017aa   0x080017aa   0x00000002   PAD
    0x080017ac   0x080017ac   0x00000048   Code   RO           81    .text.HAL_UART_RxCpltCallback  stm32f3xx_it.o
    0x080017f4   0x080017f4   0x0000007e   Code   RO          803    .text.HAL_UART_Transmit_IT  stm32f3xx_hal_uart.o
    0x08001872   0x08001872   0x00000002   PAD
    0x08001874   0x08001874   0x00000038   Code   RO           77    .text.HAL_UART_TxCpltCallback  stm32f3xx_it.o
    0x080018ac   0x080018ac   0x00000002   Code   RO           55    .text.HardFault_Handler  stm32f3xx_it.o
    0x080018ae   0x080018ae   0x00000002   PAD
    0x080018b0   0x080018b0   0x000000cc   Code   RO           15    .text.MX_GPIO_Init  main.o
    0x0800197c   0x0800197c   0x0000002e   Code   RO           19    .text.MX_OPAMP1_Init  main.o
    0x080019aa   0x080019aa   0x00000002   PAD
    0x080019ac   0x080019ac   0x0000002e   Code   RO           21    .text.MX_OPAMP2_Init  main.o
    0x080019da   0x080019da   0x00000002   PAD
    0x080019dc   0x080019dc   0x0000002e   Code   RO           23    .text.MX_OPAMP3_Init  main.o
    0x08001a0a   0x08001a0a   0x00000002   PAD
    0x08001a0c   0x08001a0c   0x0000002e   Code   RO           17    .text.MX_OPAMP4_Init  main.o
    0x08001a3a   0x08001a3a   0x00000002   PAD
    0x08001a3c   0x08001a3c   0x00000044   Code   RO           25    .text.MX_USART1_UART_Init  main.o
    0x08001a80   0x08001a80   0x00000058   Code   RO          138    .text.Make_Ramp     my_functions.o
    0x08001ad8   0x08001ad8   0x00000002   Code   RO           57    .text.MemManage_Handler  stm32f3xx_it.o
    0x08001ada   0x08001ada   0x00000002   PAD
    0x08001adc   0x08001adc   0x00000002   Code   RO           53    .text.NMI_Handler   stm32f3xx_it.o
    0x08001ade   0x08001ade   0x00000002   PAD
    0x08001ae0   0x08001ae0   0x0000002c   Code   RO          374    .text.NVIC_EncodePriority  stm32f3xx_hal_cortex.o
    0x08001b0c   0x08001b0c   0x0000000a   Code   RO          126    .text.Opamp_Start   cmsis_my.o
    0x08001b16   0x08001b16   0x00000002   PAD
    0x08001b18   0x08001b18   0x00000002   Code   RO           67    .text.PendSV_Handler  stm32f3xx_it.o
    0x08001b1a   0x08001b1a   0x00000002   PAD
    0x08001b1c   0x08001b1c   0x00000002   Code   RO           63    .text.SVC_Handler   stm32f3xx_it.o
    0x08001b1e   0x08001b1e   0x00000002   PAD
    0x08001b20   0x08001b20   0x0000002e   Code   RO          390    .text.SysTick_Config  stm32f3xx_hal_cortex.o
    0x08001b4e   0x08001b4e   0x00000002   PAD
    0x08001b50   0x08001b50   0x00000008   Code   RO           69    .text.SysTick_Handler  stm32f3xx_it.o
    0x08001b58   0x08001b58   0x00000078   Code   RO           13    .text.SystemClock_Config  main.o
    0x08001bd0   0x08001bd0   0x00000012   Code   RO          945    .text.SystemInit    system_stm32f3xx.o
    0x08001be2   0x08001be2   0x00000002   PAD
    0x08001be4   0x08001be4   0x00000052   Code   RO          122    .text.TIM2_Init     cmsis_my.o
    0x08001c36   0x08001c36   0x00000002   PAD
    0x08001c38   0x08001c38   0x0000004e   Code   RO           79    .text.TIM3_IRQHandler  stm32f3xx_it.o
    0x08001c86   0x08001c86   0x00000002   PAD
    0x08001c88   0x08001c88   0x00000070   Code   RO          124    .text.TIM3_Init     cmsis_my.o
    0x08001cf8   0x08001cf8   0x0000004e   Code   RO          120    .text.TIM8_Init     cmsis_my.o
    0x08001d46   0x08001d46   0x00000002   PAD
    0x08001d48   0x08001d48   0x000000e6   Code   RO          783    .text.UART_AdvFeatureConfig  stm32f3xx_hal_uart.o
    0x08001e2e   0x08001e2e   0x00000002   PAD
    0x08001e30   0x08001e30   0x0000006a   Code   RO          785    .text.UART_CheckIdleState  stm32f3xx_hal_uart.o
    0x08001e9a   0x08001e9a   0x00000002   PAD
    0x08001e9c   0x08001e9c   0x00000014   Code   RO          863    .text.UART_DMAAbortOnError  stm32f3xx_hal_uart.o
    0x08001eb0   0x08001eb0   0x00000050   Code   RO          833    .text.UART_EndRxTransfer  stm32f3xx_hal_uart.o
    0x08001f00   0x08001f00   0x00000026   Code   RO          869    .text.UART_EndTransmit_IT  stm32f3xx_hal_uart.o
    0x08001f26   0x08001f26   0x00000002   PAD
    0x08001f28   0x08001f28   0x000000a2   Code   RO          901    .text.UART_RxISR_16BIT  stm32f3xx_hal_uart.o
    0x08001fca   0x08001fca   0x00000002   PAD
    0x08001fcc   0x08001fcc   0x000000a2   Code   RO          903    .text.UART_RxISR_8BIT  stm32f3xx_hal_uart.o
    0x0800206e   0x0800206e   0x00000002   PAD
    0x08002070   0x08002070   0x000001d8   Code   RO          781    .text.UART_SetConfig  stm32f3xx_hal_uart.o
    0x08002248   0x08002248   0x00000092   Code   RO          811    .text.UART_Start_Receive_IT  stm32f3xx_hal_uart.o
    0x080022da   0x080022da   0x00000002   PAD
    0x080022dc   0x080022dc   0x00000056   Code   RO          805    .text.UART_TxISR_16BIT  stm32f3xx_hal_uart.o
    0x08002332   0x08002332   0x00000002   PAD
    0x08002334   0x08002334   0x00000052   Code   RO          807    .text.UART_TxISR_8BIT  stm32f3xx_hal_uart.o
    0x08002386   0x08002386   0x00000002   PAD
    0x08002388   0x08002388   0x000000e4   Code   RO          799    .text.UART_WaitOnFlagUntilTimeout  stm32f3xx_hal_uart.o
    0x0800246c   0x0800246c   0x0000004a   Code   RO           71    .text.USART1_IRQHandler  stm32f3xx_it.o
    0x080024b6   0x080024b6   0x00000002   PAD
    0x080024b8   0x080024b8   0x00000002   Code   RO           61    .text.UsageFault_Handler  stm32f3xx_it.o
    0x080024ba   0x080024ba   0x00000002   PAD
    0x080024bc   0x080024bc   0x00000020   Code   RO          116    .text.__NVIC_EnableIRQ  cmsis_my.o
    0x080024dc   0x080024dc   0x00000020   Code   RO          378    .text.__NVIC_EnableIRQ  stm32f3xx_hal_cortex.o
    0x080024fc   0x080024fc   0x00000010   Code   RO          370    .text.__NVIC_GetPriorityGrouping  stm32f3xx_hal_cortex.o
    0x0800250c   0x0800250c   0x0000000e   Code   RO           29    .text.__NVIC_SetPriority  main.o
    0x0800251a   0x0800251a   0x00000002   PAD
    0x0800251c   0x0800251c   0x00000010   Code   RO          114    .text.__NVIC_SetPriority  cmsis_my.o
    0x0800252c   0x0800252c   0x00000022   Code   RO          372    .text.__NVIC_SetPriority  stm32f3xx_hal_cortex.o
    0x0800254e   0x0800254e   0x00000002   PAD
    0x08002550   0x08002550   0x00000020   Code   RO          366    .text.__NVIC_SetPriorityGrouping  stm32f3xx_hal_cortex.o
    0x08002570   0x08002570   0x00000024   Code   RO          386    .text.__NVIC_SystemReset  stm32f3xx_hal_cortex.o
    0x08002594   0x08002594   0x00000130   Code   RO           11    .text.main          main.o
    0x080026c4   0x080026c4   0x0000001a   Code   RO         1052    x$fpl$fpinit        fz_wm.l(fpinit.o)
    0x080026de   0x080026de   0x00000010   Data   RO          950    .rodata.AHBPrescTable  system_stm32f3xx.o
    0x080026ee   0x080026ee   0x00000008   Data   RO          951    .rodata.APBPrescTable  system_stm32f3xx.o
    0x080026f6   0x080026f6   0x00000010   Data   RO          277    .rodata.aPLLMULFactorTable  stm32f3xx_hal_rcc.o
    0x08002706   0x08002706   0x00000010   Data   RO          278    .rodata.aPredivFactorTable  stm32f3xx_hal_rcc.o
    0x08002716   0x08002716   0x00000002   PAD
    0x08002718   0x08002718   0x00000020   Data   RO         1127    Region$$Table       anon$$obj.o


    Execution Region RW_IRAM2 (Exec base: 0x10000000, Load base: 0x08002748, Size: 0x00000000, Max: 0x00002000, ABSOLUTE)

    **** No section assigned to this execution region ****


    Execution Region RW_IRAM1 (Exec base: 0x20000000, Load base: 0x08002738, Size: 0x00002ae8, Max: 0x0000a000, ABSOLUTE)

    Exec Addr    Load Addr    Size         Type   Attr      Idx    E Section Name        Object

    0x20000000   0x08002738   0x00000004   Data   RW          949    .data.SystemCoreClock  system_stm32f3xx.o
    0x20000004   0x0800273c   0x00000002   Data   RW           37    .data.ampl          main.o
    0x20000006   0x0800273e   0x00000001   Data   RW          239    .data.uwTickFreq    stm32f3xx_hal.o
    0x20000007   0x0800273f   0x00000001   PAD
    0x20000008   0x08002740   0x00000004   Data   RW          238    .data.uwTickPrio    stm32f3xx_hal.o
    0x2000000c   0x08002744   0x00000004   PAD
    0x20000010        -       0x00000060   Zero   RW          994    .bss                c_w.l(libspace.o)
    0x20000070        -       0x00000200   Zero   RW           32    .bss.BUFF_ADC1_2    main.o
    0x20000270        -       0x00000100   Zero   RW           31    .bss.Triangle_DAC   main.o
    0x20000370        -       0x00000004   Zero   RW           40    .bss.UART_command   main.o
    0x20000374        -       0x00000001   Zero   RW           34    .bss.count_dac_period  main.o
    0x20000375   0x08002744   0x00000001   PAD
    0x20000376        -       0x00000002   Zero   RW           33    .bss.count_dma_period  main.o
    0x20000378        -       0x00000001   Zero   RW           83    .bss.count_rx       stm32f3xx_it.o
    0x20000379        -       0x00000001   Zero   RW           36    .bss.firstByteWait  main.o
    0x2000037a   0x08002744   0x00000002   PAD
    0x2000037c        -       0x00000004   Zero   RW           38    .bss.flags          main.o
    0x20000380        -       0x00000034   Zero   RW           41    .bss.hopamp1        main.o
    0x200003b4        -       0x00000034   Zero   RW           42    .bss.hopamp2        main.o
    0x200003e8        -       0x00000034   Zero   RW           43    .bss.hopamp3        main.o
    0x2000041c        -       0x00000034   Zero   RW           44    .bss.hopamp4        main.o
    0x20000450        -       0x00000084   Zero   RW           39    .bss.huart1         main.o
    0x200004d4        -       0x00002004   Zero   RW           85    .bss.message_ADC12  stm32f3xx_it.o
    0x200024d8        -       0x00000001   Zero   RW           35    .bss.period_number_dac  main.o
    0x200024d9   0x08002744   0x00000003   PAD
    0x200024dc        -       0x00000004   Zero   RW           84    .bss.temp_size      stm32f3xx_it.o
    0x200024e0        -       0x00000004   Zero   RW          240    .bss.uwTick         stm32f3xx_hal.o
    0x200024e4   0x08002744   0x00000004   PAD
    0x200024e8        -       0x00000200   Zero   RW            2    HEAP                startup_stm32f303xc.o
    0x200026e8        -       0x00000400   Zero   RW            1    STACK               startup_stm32f303xc.o


==============================================================================

Image component sizes


      Code (inc. data)   RO Data    RW Data    ZI Data      Debug   Object Name

       980          0          0          0          0       6386   cmsis_my.o
       900         14          0          2       1121      11495   main.o
       254          0          0          0          0       2910   my_functions.o
        64         26        392          0       1536        904   startup_stm32f303xc.o
       156          0          0          5          4       6437   stm32f3xx_hal.o
       298          0          0          0          0      10559   stm32f3xx_hal_cortex.o
       142          0          0          0          0       7370   stm32f3xx_hal_dma.o
       438          0          0          0          0       4778   stm32f3xx_hal_gpio.o
       376          4          0          0          0       7606   stm32f3xx_hal_msp.o
       210          0          0          0          0       5384   stm32f3xx_hal_opamp.o
      1290          0         32          0          0       7087   stm32f3xx_hal_rcc.o
       522          0          0          0          0       5503   stm32f3xx_hal_rcc_ex.o
      2798         52          0          0          0      27602   stm32f3xx_hal_uart.o
         2          0          0          0          0       7608   stm32f3xx_hal_uart_ex.o
       624          0          0          0       8201       6225   stm32f3xx_it.o
        18          0         24          4          0       2310   system_stm32f3xx.o

    ----------------------------------------------------------------------
      9172         96        482         12      10876     120164   Object Totals
         0          0         32          0          0          0   (incl. Generated)
       100          0          2          1         14          0   (incl. Padding)

    ----------------------------------------------------------------------

      Code (inc. data)   RO Data    RW Data    ZI Data      Debug   Library Member Name

         8          0          0          0          0         68   __main.o
         0          0          0          0          0          0   __rtentry.o
        12          0          0          0          0          0   __rtentry2.o
         6          0          0          0          0          0   __rtentry4.o
        52          8          0          0          0          0   __scatter.o
        26          0          0          0          0          0   __scatter_copy.o
        28          0          0          0          0          0   __scatter_zi.o
        18          0          0          0          0         80   exit.o
         6          0          0          0          0        152   heapauxi.o
         0          0          0          0          0          0   indicate_semi.o
         2          0          0          0          0          0   libinit.o
         6          0          0          0          0          0   libinit2.o
         2          0          0          0          0          0   libshutdown.o
         2          0          0          0          0          0   libshutdown2.o
         8          4          0          0         96         68   libspace.o
        78          0          0          0          0         80   rt_memclr_w.o
         2          0          0          0          0          0   rtexit.o
        10          0          0          0          0          0   rtexit2.o
        12          4          0          0          0         68   sys_exit.o
        74          0          0          0          0         80   sys_stackheap_outer.o
         2          0          0          0          0         68   use_no_semi.o
        26          0          0          0          0        116   fpinit.o

    ----------------------------------------------------------------------
       386         16          0          0         96        780   Library Totals
         6          0          0          0          0          0   (incl. Padding)

    ----------------------------------------------------------------------

      Code (inc. data)   RO Data    RW Data    ZI Data      Debug   Library Name

       354         16          0          0         96        664   c_w.l
        26          0          0          0          0        116   fz_wm.l

    ----------------------------------------------------------------------
       386         16          0          0         96        780   Library Totals

    ----------------------------------------------------------------------

==============================================================================


      Code (inc. data)   RO Data    RW Data    ZI Data      Debug   

      9558        112        482         12      10972     120456   Grand Totals
      9558        112        482         12      10972     120456   ELF Image Totals
      9558        112        482         12          0          0   ROM Totals

==============================================================================

    Total RO  Size (Code + RO Data)                10040 (   9.80kB)
    Total RW  Size (RW Data + ZI Data)             10984 (  10.73kB)
    Total ROM Size (Code + RO Data + RW Data)      10052 (   9.82kB)

==============================================================================

