<html>
<body>
<pre>
<h1>µVision Build Log</h1>
<h2>Tool Versions:</h2>
IDE-Version: µVision V5.36.0.0
Copyright (C) 2021 ARM Ltd and ARM Germany GmbH. All rights reserved.
License Information: asd asd, qrw, LIC=JL28G-VHVUS-EVQ1R-KPRJV-ERB79-T7XGC
 
Tool Versions:
Toolchain:       MDK-ARM Plus  Version: 5.36.0.0
Toolchain Path:  C:\Keil_v5\ARM\ARMCC\Bin
C Compiler:      Armcc.exe V5.06 update 7 (build 960)
Assembler:       Armasm.exe V5.06 update 7 (build 960)
Linker/Locator:  ArmLink.exe V5.06 update 7 (build 960)
Library Manager: ArmAr.exe V5.06 update 7 (build 960)
Hex Converter:   FromElf.exe V5.06 update 7 (build 960)
CPU DLL:         SARMCM3.DLL V5.36.0.0
Dialog DLL:      DCM.DLL V1.17.3.0
Target DLL:      STLink\ST-LINKIII-KEIL_SWO.dll V3.0.9.0
Dialog DLL:      TCM.DLL V1.53.0.0
 
<h2>Project:</h2>
D:\Users\User\Documents\GitHub\STM32F303_MicrowaveRangeRadar\FM24-NP100\FM24-NP1002222\MDK-ARM\FM24-NP1002222.uvprojx
Project File Date:  02/21/2023

<h2>Output:</h2>
*** Using Compiler 'V5.06 update 7 (build 960)', folder: 'C:\Keil_v5\ARM\ARMCC\Bin'
Build target 'FM24-NP1002222'
compiling stm32f3xx_it.c...
compiling CMSIS_my.c...
compiling main.c...
../Core/Src/main.c(476): warning:  #177-D: function "MX_DAC_Init"  was declared but never referenced
  static void MX_DAC_Init(void)
../Core/Src/main.c(353): warning:  #177-D: function "MX_ADC3_Init"  was declared but never referenced
  static void MX_ADC3_Init(void)
../Core/Src/main.c(683): warning:  #177-D: function "MX_TIM8_Init"  was declared but never referenced
  static void MX_TIM8_Init(void)
../Core/Src/main.c(230): warning:  #177-D: function "MX_ADC1_Init"  was declared but never referenced
  static void MX_ADC1_Init(void)
../Core/Src/main.c(296): warning:  #177-D: function "MX_ADC2_Init"  was declared but never referenced
  static void MX_ADC2_Init(void)
../Core/Src/main.c(419): warning:  #177-D: function "MX_ADC4_Init"  was declared but never referenced
  static void MX_ADC4_Init(void)
../Core/Src/main.c: 6 warnings, 0 errors
compiling stm32f3xx_hal_msp.c...
linking...
Program Size: Code=7582 RO-data=482 RW-data=20 ZI-data=4100  
FromELF: creating hex file...
"FM24-NP1002222\FM24-NP1002222.axf" - 0 Error(s), 6 Warning(s).

<h2>Software Packages used:</h2>

Package Vendor: ARM
                http://www.keil.com/pack/ARM.CMSIS.5.9.0.pack
                ARM.CMSIS.5.9.0
                CMSIS (Common Microcontroller Software Interface Standard)
   * Component: CORE Version: 5.6.0

Package Vendor: Keil
                http://www.keil.com/pack/Keil.STM32F3xx_DFP.2.2.2.pack
                Keil.STM32F3xx_DFP.2.2.2
                STMicroelectronics STM32F3 Series Device Support and Examples

<h2>Collection of Component include folders:</h2>
  .\RTE\_FM24-NP1002222
  C:\Users\User\AppData\Local\Arm\Packs\ARM\CMSIS\5.9.0\CMSIS\Core\Include
  C:\Users\User\AppData\Local\Arm\Packs\Keil\STM32F3xx_DFP\2.2.2\Drivers\CMSIS\Device\ST\STM32F3xx\Include

<h2>Collection of Component Files used:</h2>

   * Component: ARM::CMSIS:CORE:5.6.0
      Include file:  CMSIS\Core\Include\tz_context.h
Build Time Elapsed:  00:00:06
</pre>
</body>
</html>
